[2026-04-01 15:30:05] Start daily fetch
[2026-04-02 15:30:05] Start daily fetch
[2026-04-02 15:45:06] Start daily fetch
=== A-Trend Data Update ===
Repo root: /Users/lifujian/cursorProjects/a-trend-data

[Step 1] Fetching stock universe from eastmoney...
  [sh_a] 第1页: 100条，累计过滤后 85 只
  [sh_a] 第2页: 100条，累计过滤后 152 只
  [sh_a] 第3页: 100条，累计过滤后 226 只
  [sh_a] 第4页: 100条，累计过滤后 294 只
  [sh_a] 第5页: 100条，累计过滤后 372 只
  [sh_a] 第6页: 100条，累计过滤后 448 只
  [sh_a] 第7页: 100条，累计过滤后 520 只
  [sh_a] 第8页: 100条，累计过滤后 607 只
  [sh_a] 第9页: 100条，累计过滤后 695 只
  [sh_a] 第10页: 100条，累计过滤后 777 只
  [sh_a] 第11页: 100条，累计过滤后 837 只
  [sh_a] 第12页: 100条，累计过滤后 895 只
  [sh_a] 第13页: 100条，累计过滤后 953 只
  [sh_a] 第14页: 100条，累计过滤后 1010 只
  [sh_a] 第15页: 100条，累计过滤后 1060 只
  [sh_a] 第16页: 100条，累计过滤后 1118 只
  [sh_a] 第17页: 100条，累计过滤后 1176 只
  [sh_a] 第18页: 100条，累计过滤后 1240 只
  [sh_a] 第19页: 100条，累计过滤后 1308 只
  [sh_a] 第20页: 100条，累计过滤后 1370 只
  [sh_a] 第21页: 100条，累计过滤后 1438 只
  [sh_a] 第22页: 100条，累计过滤后 1505 只
  [sh_a] 第23页: 100条，累计过滤后 1575 只
  [sh_a] 第24页: 7条，累计过滤后 1581 只
  [sh_a] 共 1581 只符合条件
  [sz_a] 第1页: 100条，累计过滤后 1658 只
  [sz_a] 第2页: 100条，累计过滤后 1722 只
  [sz_a] 第3页: 100条，累计过滤后 1787 只
  [sz_a] 第4页: 100条，累计过滤后 1861 只
  [sz_a] 第5页: 100条，累计过滤后 1910 只
  [sz_a] 第6页: 100条，累计过滤后 1983 只
  [sz_a] 第7页: 100条，累计过滤后 2058 只
  [sz_a] 第8页: 100条，累计过滤后 2130 只
  [sz_a] 第9页: 100条，累计过滤后 2198 只
  [sz_a] 第10页: 100条，累计过滤后 2272 只
  [sz_a] 第11页: 100条，累计过滤后 2336 只
  [sz_a] 第12页: 100条，累计过滤后 2390 只
  [sz_a] 第13页: 100条，累计过滤后 2442 只
  [sz_a] 第14页: 100条，累计过滤后 2495 只
  [sz_a] 第15页: 100条，累计过滤后 2556 只
  [sz_a] 第16页: 100条，累计过滤后 2618 只
  [sz_a] 第17页: 100条，累计过滤后 2680 只
  [sz_a] 第18页: 100条，累计过滤后 2734 只
  [sz_a] 第19页: 100条，累计过滤后 2791 只
  [sz_a] 第20页: 100条，累计过滤后 2847 只
  [sz_a] 第21页: 100条，累计过滤后 2894 只
  [sz_a] 第22页: 100条，累计过滤后 2956 只
  [sz_a] 第23页: 100条，累计过滤后 3013 只
  [sz_a] 第24页: 100条，累计过滤后 3053 只
  [sz_a] 第25页: 100条，累计过滤后 3092 只
  [sz_a] 第26页: 100条，累计过滤后 3133 只
  [sz_a] 第27页: 100条，累计过滤后 3183 只
  [sz_a] 第28页: 100条，累计过滤后 3238 只
  [sz_a] 第29页: 86条，累计过滤后 3297 只
  [sz_a] 共 1716 只符合条件
  -> 3297 stocks saved to /Users/lifujian/cursorProjects/a-trend-data/config/stock-universe.json

[Step 2] Fetching K-line data for 3297 symbols...
[   1/3297] sh600000     OK
[   2/3297] sh600004     OK
[   3/3297] sh600006     OK
[   4/3297] sh600007     OK
[   5/3297] sh600008     OK
[   6/3297] sh600009     OK
[   7/3297] sh600010     OK
[   8/3297] sh600011     OK
[   9/3297] sh600012     OK
[  10/3297] sh600015     OK
[  11/3297] sh600016     OK
[  12/3297] sh600017     OK
[  13/3297] sh600018     OK
[  14/3297] sh600019     OK
[  15/3297] sh600020     OK
[  16/3297] sh600021     OK
[  17/3297] sh600022     OK
[  18/3297] sh600023     OK
[  19/3297] sh600025     OK
[  20/3297] sh600026     OK
[  21/3297] sh600027     OK
[  22/3297] sh600029     OK
[  23/3297] sh600030     OK
[  24/3297] sh600031     OK
[  25/3297] sh600032     OK
[  26/3297] sh600033     OK
[  27/3297] sh600035     OK
[  28/3297] sh600037     OK
[  29/3297] sh600038     OK
[  30/3297] sh600039     OK
[  31/3297] sh600048     OK
[  32/3297] sh600050     OK
[  33/3297] sh600053     OK
[  34/3297] sh600054     OK
[  35/3297] sh600055     OK
[  36/3297] sh600056     OK
[  37/3297] sh600057     OK
[  38/3297] sh600058     OK
[  39/3297] sh600059     OK
[  40/3297] sh600060     OK
[  41/3297] sh600061     OK
[  42/3297] sh600062     OK
[  43/3297] sh600063     OK
[  44/3297] sh600064     OK
[  45/3297] sh600066     OK
[  46/3297] sh600067     OK
[  47/3297] sh600071     OK
[  48/3297] sh600072     OK
[  49/3297] sh600073     OK
[  50/3297] sh600075     OK
--- batch pause 5000ms ---
[  51/3297] sh600078     OK
[  52/3297] sh600081     OK
[  53/3297] sh600084     OK
[  54/3297] sh600085     OK
[  55/3297] sh600088     OK
[  56/3297] sh600089     OK
[  57/3297] sh600094     OK
[  58/3297] sh600095     OK
[  59/3297] sh600096     OK
[  60/3297] sh600098     OK
[  61/3297] sh600100     OK
[  62/3297] sh600101     OK
[  63/3297] sh600103     OK
[  64/3297] sh600104     OK
[  65/3297] sh600105     OK
[  66/3297] sh600106     OK
[  67/3297] sh600108     OK
[  68/3297] sh600109     OK
[  69/3297] sh600110     OK
[  70/3297] sh600111     OK
[  71/3297] sh600113     OK
[  72/3297] sh600114     OK
[  73/3297] sh600115     OK
[  74/3297] sh600116     OK
[  75/3297] sh600117     OK
[  76/3297] sh600118     OK
[  77/3297] sh600120     OK
[  78/3297] sh600121     OK
[  79/3297] sh600123     OK
[  80/3297] sh600125     OK
[  81/3297] sh600126     OK
[  82/3297] sh600129     OK
[  83/3297] sh600131     OK
[  84/3297] sh600132     OK
[  85/3297] sh600133     OK
[  86/3297] sh600135     OK
[  87/3297] sh600138     OK
[  88/3297] sh600141     OK
[  89/3297] sh600143     OK
[  90/3297] sh600150     OK
[  91/3297] sh600151     OK
[  92/3297] sh600152     OK
[  93/3297] sh600153     OK
[  94/3297] sh600155     OK
[  95/3297] sh600157     OK
[  96/3297] sh600158     OK
[  97/3297] sh600160     OK
[  98/3297] sh600161     OK
[  99/3297] sh600162     OK
[ 100/3297] sh600163     OK
--- batch pause 5000ms ---
[ 101/3297] sh600166     OK
[ 102/3297] sh600167     OK
[ 103/3297] sh600168     OK
[ 104/3297] sh600170     OK
[ 105/3297] sh600171     OK
[ 106/3297] sh600172     OK
[ 107/3297] sh600176     OK
[ 108/3297] sh600177     OK
[ 109/3297] sh600178     OK
[ 110/3297] sh600179     OK
[ 111/3297] sh600183     OK
[ 112/3297] sh600184     OK
[ 113/3297] sh600185     OK
[ 114/3297] sh600186     OK
[ 115/3297] sh600188     OK
[ 116/3297] sh600189     OK
[ 117/3297] sh600191     OK
[ 118/3297] sh600195     OK
[ 119/3297] sh600196     OK
[ 120/3297] sh600197     OK
[ 121/3297] sh600198     OK
[ 122/3297] sh600199     OK
[ 123/3297] sh600201     OK
[ 124/3297] sh600203     OK
[ 125/3297] sh600206     OK
[ 126/3297] sh600207     OK
[ 127/3297] sh600208     OK
[ 128/3297] sh600210     OK
[ 129/3297] sh600211     OK
[ 130/3297] sh600212     OK
[ 131/3297] sh600216     OK
[ 132/3297] sh600217     OK
[ 133/3297] sh600219     OK
[ 134/3297] sh600221     OK
[ 135/3297] sh600223     OK
[ 136/3297] sh600226     OK
[ 137/3297] sh600227     OK
[ 138/3297] sh600230     OK
[ 139/3297] sh600231     OK
[ 140/3297] sh600233     OK
[ 141/3297] sh600236     OK
[ 142/3297] sh600237     OK
[ 143/3297] sh600246     OK
[ 144/3297] sh600248     OK
[ 145/3297] sh600251     OK
[ 146/3297] sh600252     OK
[ 147/3297] sh600255     OK
[ 148/3297] sh600256     OK
[ 149/3297] sh600258     OK
[ 150/3297] sh600259     OK
--- batch pause 5000ms ---
[ 151/3297] sh600266     OK
[ 152/3297] sh600267     OK
[ 153/3297] sh600268     OK
[ 154/3297] sh600269     OK
[ 155/3297] sh600271     OK
[ 156/3297] sh600273     OK
[ 157/3297] sh600276     OK
[ 158/3297] sh600278     OK
[ 159/3297] sh600279     OK
[ 160/3297] sh600282     OK
[ 161/3297] sh600283     OK
[ 162/3297] sh600284     OK
[ 163/3297] sh600285     OK
[ 164/3297] sh600288     OK
[ 165/3297] sh600292     OK
[ 166/3297] sh600295     OK
[ 167/3297] sh600298     OK
[ 168/3297] sh600299     OK
[ 169/3297] sh600300     OK
[ 170/3297] sh600301     OK
[ 171/3297] sh600305     OK
[ 172/3297] sh600307     OK
[ 173/3297] sh600308     OK
[ 174/3297] sh600309     OK
[ 175/3297] sh600310     OK
[ 176/3297] sh600312     OK
[ 177/3297] sh600313     OK
[ 178/3297] sh600315     OK
[ 179/3297] sh600316     OK
[ 180/3297] sh600320     OK
[ 181/3297] sh600323     OK
[ 182/3297] sh600325     OK
[ 183/3297] sh600326     OK
[ 184/3297] sh600328     OK
[ 185/3297] sh600329     OK
[ 186/3297] sh600330     OK
[ 187/3297] sh600331     OK
[ 188/3297] sh600332     OK
[ 189/3297] sh600335     OK
[ 190/3297] sh600336     OK
[ 191/3297] sh600338     OK
[ 192/3297] sh600339     OK
[ 193/3297] sh600340     OK
[ 194/3297] sh600343     OK
[ 195/3297] sh600345     OK
[ 196/3297] sh600346     OK
[ 197/3297] sh600348     OK
[ 198/3297] sh600350     OK
[ 199/3297] sh600352     OK
[ 200/3297] sh600353     OK
--- batch pause 5000ms ---
[ 201/3297] sh600361     OK
[ 202/3297] sh600362     OK
[ 203/3297] sh600363     OK
[ 204/3297] sh600366     OK
[ 205/3297] sh600367     OK
[ 206/3297] sh600368     OK
[ 207/3297] sh600369     OK
[ 208/3297] sh600370     OK
[ 209/3297] sh600372     OK
[ 210/3297] sh600373     OK
[ 211/3297] sh600375     OK
[ 212/3297] sh600376     OK
[ 213/3297] sh600377     OK
[ 214/3297] sh600378     OK
[ 215/3297] sh600380     OK
[ 216/3297] sh600382     OK
[ 217/3297] sh600383     OK
[ 218/3297] sh600388     OK
[ 219/3297] sh600389     OK
[ 220/3297] sh600390     OK
[ 221/3297] sh600391     OK
[ 222/3297] sh600392     OK
[ 223/3297] sh600395     OK
[ 224/3297] sh600396     OK
[ 225/3297] sh600397     OK
[ 226/3297] sh600398     OK
[ 227/3297] sh600399     OK
[ 228/3297] sh600403     OK
[ 229/3297] sh600406     OK
[ 230/3297] sh600409     OK
[ 231/3297] sh600410     OK
[ 232/3297] sh600415     OK
[ 233/3297] sh600416     OK
[ 234/3297] sh600418     OK
[ 235/3297] sh600420     OK
[ 236/3297] sh600422     OK
[ 237/3297] sh600425     OK
[ 238/3297] sh600426     OK
[ 239/3297] sh600428     OK
[ 240/3297] sh600429     OK
[ 241/3297] sh600433     OK
[ 242/3297] sh600435     OK
[ 243/3297] sh600436     OK
[ 244/3297] sh600438     OK
[ 245/3297] sh600446     OK
[ 246/3297] sh600449     OK
[ 247/3297] sh600452     OK
[ 248/3297] sh600456     OK
[ 249/3297] sh600458     OK
[ 250/3297] sh600459     OK
--- batch pause 5000ms ---
[ 251/3297] sh600460     OK
[ 252/3297] sh600461     OK
[ 253/3297] sh600468     OK
[ 254/3297] sh600469     OK
[ 255/3297] sh600475     OK
[ 256/3297] sh600477     OK
[ 257/3297] sh600478     OK
[ 258/3297] sh600479     OK
[ 259/3297] sh600480     OK
[ 260/3297] sh600481     OK
[ 261/3297] sh600482     OK
[ 262/3297] sh600483     OK
[ 263/3297] sh600486     OK
[ 264/3297] sh600487     OK
[ 265/3297] sh600488     OK
[ 266/3297] sh600489     OK
[ 267/3297] sh600490     OK
[ 268/3297] sh600495     OK
[ 269/3297] sh600496     OK
[ 270/3297] sh600497     OK
[ 271/3297] sh600498     OK
[ 272/3297] sh600499     OK
[ 273/3297] sh600500     OK
[ 274/3297] sh600501     OK
[ 275/3297] sh600502     OK
[ 276/3297] sh600507     OK
[ 277/3297] sh600508     OK
[ 278/3297] sh600509     OK
[ 279/3297] sh600510     OK
[ 280/3297] sh600511     OK
[ 281/3297] sh600513     OK
[ 282/3297] sh600515     OK
[ 283/3297] sh600516     OK
[ 284/3297] sh600517     OK
[ 285/3297] sh600518     OK
[ 286/3297] sh600521     OK
[ 287/3297] sh600522     OK
[ 288/3297] sh600523     OK
[ 289/3297] sh600528     OK
[ 290/3297] sh600529     OK
[ 291/3297] sh600531     OK
[ 292/3297] sh600535     OK
[ 293/3297] sh600536     OK
[ 294/3297] sh600545     OK
[ 295/3297] sh600546     OK
[ 296/3297] sh600547     OK
[ 297/3297] sh600548     OK
[ 298/3297] sh600549     OK
[ 299/3297] sh600550     OK
[ 300/3297] sh600551     OK
--- batch pause 5000ms ---
[ 301/3297] sh600552     OK
[ 302/3297] sh600556     OK
[ 303/3297] sh600557     OK
[ 304/3297] sh600558     OK
[ 305/3297] sh600559     OK
[ 306/3297] sh600562     OK
[ 307/3297] sh600563     OK
[ 308/3297] sh600566     OK
[ 309/3297] sh600567     OK
[ 310/3297] sh600569     OK
[ 311/3297] sh600570     OK
[ 312/3297] sh600571     OK
[ 313/3297] sh600572     OK
[ 314/3297] sh600575     OK
[ 315/3297] sh600576     OK
[ 316/3297] sh600577     OK
[ 317/3297] sh600578     OK
[ 318/3297] sh600580     OK
[ 319/3297] sh600582     OK
[ 320/3297] sh600583     OK
[ 321/3297] sh600584     OK
[ 322/3297] sh600585     OK
[ 323/3297] sh600586     OK
[ 324/3297] sh600587     OK
[ 325/3297] sh600588     OK
[ 326/3297] sh600589     OK
[ 327/3297] sh600590     OK
[ 328/3297] sh600592     OK
[ 329/3297] sh600595     OK
[ 330/3297] sh600596     OK
[ 331/3297] sh600597     OK
[ 332/3297] sh600598     OK
[ 333/3297] sh600600     OK
[ 334/3297] sh600601     OK
[ 335/3297] sh600602     OK
[ 336/3297] sh600603     OK
[ 337/3297] sh600604     OK
[ 338/3297] sh600605     OK
[ 339/3297] sh600606     OK
[ 340/3297] sh600609     OK
[ 341/3297] sh600610     OK
[ 342/3297] sh600611     OK
[ 343/3297] sh600612     OK
[ 344/3297] sh600617     OK
[ 345/3297] sh600618     OK
[ 346/3297] sh600619     OK
[ 347/3297] sh600621     OK
[ 348/3297] sh600623     OK
[ 349/3297] sh600626     OK
[ 350/3297] sh600629     OK
--- batch pause 5000ms ---
[ 351/3297] sh600633     OK
[ 352/3297] sh600635     OK
[ 353/3297] sh600637     OK
[ 354/3297] sh600639     OK
[ 355/3297] sh600640     OK
[ 356/3297] sh600641     OK
[ 357/3297] sh600642     OK
[ 358/3297] sh600643     OK
[ 359/3297] sh600644     OK
[ 360/3297] sh600645     OK
[ 361/3297] sh600648     OK
[ 362/3297] sh600649     OK
[ 363/3297] sh600650     OK
[ 364/3297] sh600651     OK
[ 365/3297] sh600654     OK
[ 366/3297] sh600655     OK
[ 367/3297] sh600657     OK
[ 368/3297] sh600658     OK
[ 369/3297] sh600660     OK
[ 370/3297] sh600662     OK
[ 371/3297] sh600663     OK
[ 372/3297] sh600664     OK
[ 373/3297] sh600666     OK
[ 374/3297] sh600667     OK
[ 375/3297] sh600673     OK
[ 376/3297] sh600674     OK
[ 377/3297] sh600675     OK
[ 378/3297] sh600676     OK
[ 379/3297] sh600679     OK
[ 380/3297] sh600681     OK
[ 381/3297] sh600682     OK
[ 382/3297] sh600683     OK
[ 383/3297] sh600684     OK
[ 384/3297] sh600685     OK
[ 385/3297] sh600686     OK
[ 386/3297] sh600688     OK
[ 387/3297] sh600690     OK
[ 388/3297] sh600691     OK
[ 389/3297] sh600693     OK
[ 390/3297] sh600694     OK
[ 391/3297] sh600698     OK
[ 392/3297] sh600699     OK
[ 393/3297] sh600702     OK
[ 394/3297] sh600703     OK
[ 395/3297] sh600704     OK
[ 396/3297] sh600707     OK
[ 397/3297] sh600708     OK
[ 398/3297] sh600710     OK
[ 399/3297] sh600711     OK
[ 400/3297] sh600713     OK
--- batch pause 5000ms ---
[ 401/3297] sh600714     OK
[ 402/3297] sh600715     OK
[ 403/3297] sh600717     OK
[ 404/3297] sh600718     OK
[ 405/3297] sh600720     OK
[ 406/3297] sh600722     OK
[ 407/3297] sh600724     OK
[ 408/3297] sh600725     OK
[ 409/3297] sh600726     OK
[ 410/3297] sh600728     OK
[ 411/3297] sh600729     OK
[ 412/3297] sh600730     OK
[ 413/3297] sh600732     OK
[ 414/3297] sh600733     OK
[ 415/3297] sh600734     OK
[ 416/3297] sh600736     OK
[ 417/3297] sh600737     OK
[ 418/3297] sh600739     OK
[ 419/3297] sh600740     OK
[ 420/3297] sh600741     OK
[ 421/3297] sh600742     OK
[ 422/3297] sh600744     OK
[ 423/3297] sh600745     OK
[ 424/3297] sh600746     OK
[ 425/3297] sh600748     OK
[ 426/3297] sh600750     OK
[ 427/3297] sh600751     OK
[ 428/3297] sh600754     OK
[ 429/3297] sh600755     OK
[ 430/3297] sh600756     OK
[ 431/3297] sh600757     OK
[ 432/3297] sh600758     OK
[ 433/3297] sh600759     OK
[ 434/3297] sh600760     OK
[ 435/3297] sh600761     OK
[ 436/3297] sh600763     OK
[ 437/3297] sh600764     OK
[ 438/3297] sh600765     OK
[ 439/3297] sh600769     OK
[ 440/3297] sh600770     OK
[ 441/3297] sh600771     OK
[ 442/3297] sh600773     OK
[ 443/3297] sh600775     OK
[ 444/3297] sh600776     OK
[ 445/3297] sh600779     OK
[ 446/3297] sh600780     OK
[ 447/3297] sh600782     OK
[ 448/3297] sh600783     OK
[ 449/3297] sh600787     OK
[ 450/3297] sh600789     OK
--- batch pause 5000ms ---
[ 451/3297] sh600790     OK
[ 452/3297] sh600795     OK
[ 453/3297] sh600796     OK
[ 454/3297] sh600797     OK
[ 455/3297] sh600800     OK
[ 456/3297] sh600801     OK
[ 457/3297] sh600803     OK
[ 458/3297] sh600808     OK
[ 459/3297] sh600809     OK
[ 460/3297] sh600810     OK
[ 461/3297] sh600812     OK
[ 462/3297] sh600814     OK
[ 463/3297] sh600815     OK
[ 464/3297] sh600816     OK
[ 465/3297] sh600817     OK
[ 466/3297] sh600819     OK
[ 467/3297] sh600820     OK
[ 468/3297] sh600821     OK
[ 469/3297] sh600825     OK
[ 470/3297] sh600826     OK
[ 471/3297] sh600827     OK
[ 472/3297] sh600828     OK
[ 473/3297] sh600829     OK
[ 474/3297] sh600835     OK
[ 475/3297] sh600839     OK
[ 476/3297] sh600841     OK
[ 477/3297] sh600843     OK
[ 478/3297] sh600845     OK
[ 479/3297] sh600846     OK
[ 480/3297] sh600848     OK
[ 481/3297] sh600850     OK
[ 482/3297] sh600851     OK
[ 483/3297] sh600855     OK
[ 484/3297] sh600859     OK
[ 485/3297] sh600860     OK
[ 486/3297] sh600861     OK
[ 487/3297] sh600862     OK
[ 488/3297] sh600863     OK
[ 489/3297] sh600864     OK
[ 490/3297] sh600866     OK
[ 491/3297] sh600867     OK
[ 492/3297] sh600868     OK
[ 493/3297] sh600869     OK
[ 494/3297] sh600871     OK
[ 495/3297] sh600872     OK
[ 496/3297] sh600873     OK
[ 497/3297] sh600874     OK
[ 498/3297] sh600875     OK
[ 499/3297] sh600876     OK
[ 500/3297] sh600877     OK
--- batch pause 5000ms ---
[ 501/3297] sh600879     OK
[ 502/3297] sh600880     OK
[ 503/3297] sh600881     OK
[ 504/3297] sh600882     OK
[ 505/3297] sh600884     OK
[ 506/3297] sh600885     OK
[ 507/3297] sh600886     OK
[ 508/3297] sh600887     OK
[ 509/3297] sh600888     OK
[ 510/3297] sh600889     OK
[ 511/3297] sh600893     OK
[ 512/3297] sh600894     OK
[ 513/3297] sh600895     OK
[ 514/3297] sh600897     OK
[ 515/3297] sh600901     OK
[ 516/3297] sh600903     OK
[ 517/3297] sh600905     OK
[ 518/3297] sh600906     OK
[ 519/3297] sh600908     OK
[ 520/3297] sh600909     OK
[ 521/3297] sh600916     OK
[ 522/3297] sh600917     OK
[ 523/3297] sh600918     OK
[ 524/3297] sh600919     OK
[ 525/3297] sh600925     OK
[ 526/3297] sh600926     OK
[ 527/3297] sh600927     OK
[ 528/3297] sh600928     OK
[ 529/3297] sh600929     OK
[ 530/3297] sh600930     OK
[ 531/3297] sh600933     OK
[ 532/3297] sh600935     OK
[ 533/3297] sh600936     OK
[ 534/3297] sh600939     OK
[ 535/3297] sh600955     OK
[ 536/3297] sh600956     OK
[ 537/3297] sh600958     OK
[ 538/3297] sh600959     OK
[ 539/3297] sh600961     OK
[ 540/3297] sh600963     OK
[ 541/3297] sh600966     OK
[ 542/3297] sh600967     OK
[ 543/3297] sh600968     OK
[ 544/3297] sh600970     OK
[ 545/3297] sh600971     OK
[ 546/3297] sh600973     OK
[ 547/3297] sh600975     OK
[ 548/3297] sh600976     OK
[ 549/3297] sh600977     OK
[ 550/3297] sh600979     OK
--- batch pause 5000ms ---
[ 551/3297] sh600981     OK
[ 552/3297] sh600982     OK
[ 553/3297] sh600983     OK
[ 554/3297] sh600985     OK
[ 555/3297] sh600986     OK
[ 556/3297] sh600987     OK
[ 557/3297] sh600988     OK
[ 558/3297] sh600989     OK
[ 559/3297] sh600990     OK
[ 560/3297] sh600993     OK
[ 561/3297] sh600995     OK
[ 562/3297] sh600996     OK
[ 563/3297] sh600997     OK
[ 564/3297] sh600998     OK
[ 565/3297] sh600999     OK
[ 566/3297] sh601000     OK
[ 567/3297] sh601001     OK
[ 568/3297] sh601002     OK
[ 569/3297] sh601003     OK
[ 570/3297] sh601005     OK
[ 571/3297] sh601006     OK
[ 572/3297] sh601008     OK
[ 573/3297] sh601009     OK
[ 574/3297] sh601011     OK
[ 575/3297] sh601012     OK
[ 576/3297] sh601015     OK
[ 577/3297] sh601016     OK
[ 578/3297] sh601018     OK
[ 579/3297] sh601019     OK
[ 580/3297] sh601020     OK
[ 581/3297] sh601021     OK
[ 582/3297] sh601022     OK
[ 583/3297] sh601026     OK
[ 584/3297] sh601033     OK
[ 585/3297] sh601038     OK
[ 586/3297] sh601058     OK
[ 587/3297] sh601059     OK
[ 588/3297] sh601061     OK
[ 589/3297] sh601065     OK
[ 590/3297] sh601066     OK
[ 591/3297] sh601068     OK
[ 592/3297] sh601069     OK
[ 593/3297] sh601077     OK
[ 594/3297] sh601083     OK
[ 595/3297] sh601086     OK
[ 596/3297] sh601089     OK
[ 597/3297] sh601096     OK
[ 598/3297] sh601098     OK
[ 599/3297] sh601099     OK
[ 600/3297] sh601100     OK
--- batch pause 5000ms ---
[ 601/3297] sh601101     OK
[ 602/3297] sh601106     OK
[ 603/3297] sh601107     OK
[ 604/3297] sh601108     OK
[ 605/3297] sh601111     OK
[ 606/3297] sh601112     OK
[ 607/3297] sh601116     OK
[ 608/3297] sh601117     OK
[ 609/3297] sh601118     OK
[ 610/3297] sh601121     OK
[ 611/3297] sh601126     OK
[ 612/3297] sh601127     OK
[ 613/3297] sh601128     OK
[ 614/3297] sh601133     OK
[ 615/3297] sh601136     OK
[ 616/3297] sh601137     OK
[ 617/3297] sh601139     OK
[ 618/3297] sh601155     OK
[ 619/3297] sh601156     OK
[ 620/3297] sh601158     OK
[ 621/3297] sh601162     OK
[ 622/3297] sh601163     OK
[ 623/3297] sh601166     OK
[ 624/3297] sh601168     OK
[ 625/3297] sh601169     OK
[ 626/3297] sh601177     OK
[ 627/3297] sh601179     OK
[ 628/3297] sh601186     OK
[ 629/3297] sh601187     OK
[ 630/3297] sh601198     OK
[ 631/3297] sh601199     OK
[ 632/3297] sh601200     OK
[ 633/3297] sh601208     OK
[ 634/3297] sh601211     OK
[ 635/3297] sh601212     OK
[ 636/3297] sh601216     OK
[ 637/3297] sh601218     OK
[ 638/3297] sh601222     OK
[ 639/3297] sh601225     OK
[ 640/3297] sh601226     OK
[ 641/3297] sh601228     OK
[ 642/3297] sh601229     OK
[ 643/3297] sh601231     OK
[ 644/3297] sh601233     OK
[ 645/3297] sh601236     OK
[ 646/3297] sh601238     OK
[ 647/3297] sh601279     OK
[ 648/3297] sh601298     OK
[ 649/3297] sh601311     OK
[ 650/3297] sh601319     OK
--- batch pause 5000ms ---
[ 651/3297] sh601326     OK
[ 652/3297] sh601330     OK
[ 653/3297] sh601333     OK
[ 654/3297] sh601336     OK
[ 655/3297] sh601339     OK
[ 656/3297] sh601360     OK
[ 657/3297] sh601369     OK
[ 658/3297] sh601375     OK
[ 659/3297] sh601377     OK
[ 660/3297] sh601388     OK
[ 661/3297] sh601390     OK
[ 662/3297] sh601399     OK
[ 663/3297] sh601456     OK
[ 664/3297] sh601500     OK
[ 665/3297] sh601512     OK
[ 666/3297] sh601515     OK
[ 667/3297] sh601518     OK
[ 668/3297] sh601519     OK
[ 669/3297] sh601528     OK
[ 670/3297] sh601555     OK
[ 671/3297] sh601566     OK
[ 672/3297] sh601567     OK
[ 673/3297] sh601568     OK
[ 674/3297] sh601577     OK
[ 675/3297] sh601579     OK
[ 676/3297] sh601588     OK
[ 677/3297] sh601595     OK
[ 678/3297] sh601598     OK
[ 679/3297] sh601600     OK
[ 680/3297] sh601601     OK
[ 681/3297] sh601606     OK
[ 682/3297] sh601607     OK
[ 683/3297] sh601608     OK
[ 684/3297] sh601609     OK
[ 685/3297] sh601611     OK
[ 686/3297] sh601615     OK
[ 687/3297] sh601618     OK
[ 688/3297] sh601619     OK
[ 689/3297] sh601633     OK
[ 690/3297] sh601636     OK
[ 691/3297] sh601665     OK
[ 692/3297] sh601666     OK
[ 693/3297] sh601668     OK
[ 694/3297] sh601669     OK
[ 695/3297] sh601677     OK
[ 696/3297] sh601678     OK
[ 697/3297] sh601686     OK
[ 698/3297] sh601688     OK
[ 699/3297] sh601689     OK
[ 700/3297] sh601696     OK
--- batch pause 5000ms ---
[ 701/3297] sh601698     OK
[ 702/3297] sh601699     OK
[ 703/3297] sh601700     OK
[ 704/3297] sh601702     OK
[ 705/3297] sh601717     OK
[ 706/3297] sh601718     OK
[ 707/3297] sh601727     OK
[ 708/3297] sh601766     OK
[ 709/3297] sh601777     OK
[ 710/3297] sh601778     OK
[ 711/3297] sh601788     OK
[ 712/3297] sh601789     OK
[ 713/3297] sh601799     OK
[ 714/3297] sh601800     OK
[ 715/3297] sh601801     OK
[ 716/3297] sh601808     OK
[ 717/3297] sh601811     OK
[ 718/3297] sh601816     OK
[ 719/3297] sh601818     OK
[ 720/3297] sh601825     OK
[ 721/3297] sh601827     OK
[ 722/3297] sh601828     OK
[ 723/3297] sh601838     OK
[ 724/3297] sh601858     OK
[ 725/3297] sh601860     OK
[ 726/3297] sh601865     OK
[ 727/3297] sh601866     OK
[ 728/3297] sh601868     OK
[ 729/3297] sh601869     OK
[ 730/3297] sh601872     OK
[ 731/3297] sh601877     OK
[ 732/3297] sh601878     OK
[ 733/3297] sh601880     OK
[ 734/3297] sh601881     OK
[ 735/3297] sh601882     OK
[ 736/3297] sh601886     OK
[ 737/3297] sh601888     OK
[ 738/3297] sh601890     OK
[ 739/3297] sh601898     OK
[ 740/3297] sh601900     OK
[ 741/3297] sh601901     OK
[ 742/3297] sh601908     OK
[ 743/3297] sh601916     OK
[ 744/3297] sh601918     OK
[ 745/3297] sh601919     OK
[ 746/3297] sh601921     OK
[ 747/3297] sh601928     OK
[ 748/3297] sh601929     OK
[ 749/3297] sh601933     OK
[ 750/3297] sh601949     OK
--- batch pause 5000ms ---
[ 751/3297] sh601952     OK
[ 752/3297] sh601958     OK
[ 753/3297] sh601963     OK
[ 754/3297] sh601965     OK
[ 755/3297] sh601966     OK
[ 756/3297] sh601968     OK
[ 757/3297] sh601969     OK
[ 758/3297] sh601975     OK
[ 759/3297] sh601985     OK
[ 760/3297] sh601990     OK
[ 761/3297] sh601991     OK
[ 762/3297] sh601992     OK
[ 763/3297] sh601995     OK
[ 764/3297] sh601997     OK
[ 765/3297] sh601998     OK
[ 766/3297] sh603000     OK
[ 767/3297] sh603002     OK
[ 768/3297] sh603004     OK
[ 769/3297] sh603005     OK
[ 770/3297] sh603008     OK
[ 771/3297] sh603009     OK
[ 772/3297] sh603010     OK
[ 773/3297] sh603011     OK
[ 774/3297] sh603013     OK
[ 775/3297] sh603014     OK
[ 776/3297] sh603016     OK
[ 777/3297] sh603019     OK
[ 778/3297] sh603025     OK
[ 779/3297] sh603026     OK
[ 780/3297] sh603027     OK
[ 781/3297] sh603031     OK
[ 782/3297] sh603033     OK
[ 783/3297] sh603035     OK
[ 784/3297] sh603039     OK
[ 785/3297] sh603040     OK
[ 786/3297] sh603043     OK
[ 787/3297] sh603049     OK
[ 788/3297] sh603050     OK
[ 789/3297] sh603052     OK
[ 790/3297] sh603053     OK
[ 791/3297] sh603055     OK
[ 792/3297] sh603057     OK
[ 793/3297] sh603060     OK
[ 794/3297] sh603061     OK
[ 795/3297] sh603062     OK
[ 796/3297] sh603063     OK
[ 797/3297] sh603067     OK
[ 798/3297] sh603069     OK
[ 799/3297] sh603070     OK
[ 800/3297] sh603071     OK
--- batch pause 5000ms ---
[ 801/3297] sh603072     OK
[ 802/3297] sh603075     OK
[ 803/3297] sh603077     OK
[ 804/3297] sh603078     OK
[ 805/3297] sh603082     OK
[ 806/3297] sh603083     OK
[ 807/3297] sh603087     OK
[ 808/3297] sh603088     OK
[ 809/3297] sh603090     OK
[ 810/3297] sh603091     OK
[ 811/3297] sh603092     OK
[ 812/3297] sh603093     OK
[ 813/3297] sh603097     OK
[ 814/3297] sh603098     OK
[ 815/3297] sh603099     OK
[ 816/3297] sh603100     OK
[ 817/3297] sh603103     OK
[ 818/3297] sh603105     OK
[ 819/3297] sh603108     OK
[ 820/3297] sh603111     OK
[ 821/3297] sh603112     OK
[ 822/3297] sh603113     OK
[ 823/3297] sh603115     OK
[ 824/3297] sh603118     OK
[ 825/3297] sh603119     OK
[ 826/3297] sh603121     OK
[ 827/3297] sh603122     OK
[ 828/3297] sh603123     OK
[ 829/3297] sh603124     OK
[ 830/3297] sh603125     OK
[ 831/3297] sh603127     OK
[ 832/3297] sh603128     OK
[ 833/3297] sh603129     OK
[ 834/3297] sh603130     OK
[ 835/3297] sh603131     OK
[ 836/3297] sh603132     OK
[ 837/3297] sh603135     OK
[ 838/3297] sh603138     OK
[ 839/3297] sh603153     OK
[ 840/3297] sh603156     OK
[ 841/3297] sh603158     OK
[ 842/3297] sh603160     OK
[ 843/3297] sh603162     OK
[ 844/3297] sh603163     OK
[ 845/3297] sh603166     OK
[ 846/3297] sh603169     OK
[ 847/3297] sh603170     OK
[ 848/3297] sh603171     OK
[ 849/3297] sh603173     OK
[ 850/3297] sh603175     OK
--- batch pause 5000ms ---
[ 851/3297] sh603179     OK
[ 852/3297] sh603181     OK
[ 853/3297] sh603185     OK
[ 854/3297] sh603186     OK
[ 855/3297] sh603187     OK
[ 856/3297] sh603191     OK
[ 857/3297] sh603193     OK
[ 858/3297] sh603194     OK
[ 859/3297] sh603195     OK
[ 860/3297] sh603196     OK
[ 861/3297] sh603197     OK
[ 862/3297] sh603198     OK
[ 863/3297] sh603200     OK
[ 864/3297] sh603202     OK
[ 865/3297] sh603203     OK
[ 866/3297] sh603209     OK
[ 867/3297] sh603210     OK
[ 868/3297] sh603211     OK
[ 869/3297] sh603212     OK
[ 870/3297] sh603213     OK
[ 871/3297] sh603216     OK
[ 872/3297] sh603217     OK
[ 873/3297] sh603218     OK
[ 874/3297] sh603219     OK
[ 875/3297] sh603220     OK
[ 876/3297] sh603222     OK
[ 877/3297] sh603223     OK
[ 878/3297] sh603225     OK
[ 879/3297] sh603226     OK
[ 880/3297] sh603227     OK
[ 881/3297] sh603228     OK
[ 882/3297] sh603229     OK
[ 883/3297] sh603233     OK
[ 884/3297] sh603235     OK
[ 885/3297] sh603236     OK
[ 886/3297] sh603239     OK
[ 887/3297] sh603248     OK
[ 888/3297] sh603256     OK
[ 889/3297] sh603257     OK
[ 890/3297] sh603259     OK
[ 891/3297] sh603260     OK
[ 892/3297] sh603262     OK
[ 893/3297] sh603267     OK
[ 894/3297] sh603270     OK
[ 895/3297] sh603271     OK
[ 896/3297] sh603275     OK
[ 897/3297] sh603277     OK
[ 898/3297] sh603279     OK
[ 899/3297] sh603281     OK
[ 900/3297] sh603283     OK
--- batch pause 5000ms ---
[ 901/3297] sh603286     OK
[ 902/3297] sh603288     OK
[ 903/3297] sh603290     OK
[ 904/3297] sh603291     OK
[ 905/3297] sh603296     OK
[ 906/3297] sh603297     OK
[ 907/3297] sh603298     OK
[ 908/3297] sh603299     OK
[ 909/3297] sh603300     OK
[ 910/3297] sh603301     OK
[ 911/3297] sh603303     OK
[ 912/3297] sh603305     OK
[ 913/3297] sh603306     OK
[ 914/3297] sh603308     OK
[ 915/3297] sh603310     OK
[ 916/3297] sh603312     OK
[ 917/3297] sh603317     OK
[ 918/3297] sh603319     OK
[ 919/3297] sh603323     OK
[ 920/3297] sh603325     OK
[ 921/3297] sh603327     OK
[ 922/3297] sh603328     OK
[ 923/3297] sh603333     OK
[ 924/3297] sh603334     OK
[ 925/3297] sh603336     OK
[ 926/3297] sh603337     OK
[ 927/3297] sh603338     OK
[ 928/3297] sh603341     OK
[ 929/3297] sh603344     OK
[ 930/3297] sh603345     OK
[ 931/3297] sh603348     OK
[ 932/3297] sh603352     OK
[ 933/3297] sh603353     OK
[ 934/3297] sh603355     OK
[ 935/3297] sh603358     OK
[ 936/3297] sh603360     OK
[ 937/3297] sh603363     OK
[ 938/3297] sh603365     OK
[ 939/3297] sh603366     OK
[ 940/3297] sh603367     OK
[ 941/3297] sh603368     OK
[ 942/3297] sh603369     OK
[ 943/3297] sh603370     OK
[ 944/3297] sh603376     OK
[ 945/3297] sh603379     OK
[ 946/3297] sh603380     OK
[ 947/3297] sh603381     OK
[ 948/3297] sh603383     OK
[ 949/3297] sh603387     OK
[ 950/3297] sh603391     OK
--- batch pause 5000ms ---
[ 951/3297] sh603392     OK
[ 952/3297] sh603393     OK
[ 953/3297] sh603395     OK
[ 954/3297] sh603399     OK
[ 955/3297] sh603400     OK
[ 956/3297] sh603402     OK
[ 957/3297] sh603406     OK
[ 958/3297] sh603408     OK
[ 959/3297] sh603416     OK
[ 960/3297] sh603418     OK
[ 961/3297] sh603421     OK
[ 962/3297] sh603444     OK
[ 963/3297] sh603456     OK
[ 964/3297] sh603466     OK
[ 965/3297] sh603477     OK
[ 966/3297] sh603486     OK
[ 967/3297] sh603489     OK
[ 968/3297] sh603496     OK
[ 969/3297] sh603499     OK
[ 970/3297] sh603501     OK
[ 971/3297] sh603505     OK
[ 972/3297] sh603507     OK
[ 973/3297] sh603508     OK
[ 974/3297] sh603511     OK
[ 975/3297] sh603515     OK
[ 976/3297] sh603516     OK
[ 977/3297] sh603528     OK
[ 978/3297] sh603529     OK
[ 979/3297] sh603530     OK
[ 980/3297] sh603533     OK
[ 981/3297] sh603538     OK
[ 982/3297] sh603556     OK
[ 983/3297] sh603565     OK
[ 984/3297] sh603567     OK
[ 985/3297] sh603568     OK
[ 986/3297] sh603583     OK
[ 987/3297] sh603587     OK
[ 988/3297] sh603588     OK
[ 989/3297] sh603589     OK
[ 990/3297] sh603590     OK
[ 991/3297] sh603596     OK
[ 992/3297] sh603598     OK
[ 993/3297] sh603599     OK
[ 994/3297] sh603601     OK
[ 995/3297] sh603605     OK
[ 996/3297] sh603606     OK
[ 997/3297] sh603609     OK
[ 998/3297] sh603610     OK
[ 999/3297] sh603611     OK
[1000/3297] sh603612     OK
--- batch pause 5000ms ---
[1001/3297] sh603613     OK
[1002/3297] sh603618     OK
[1003/3297] sh603619     OK
[1004/3297] sh603626     OK
[1005/3297] sh603629     OK
[1006/3297] sh603636     OK
[1007/3297] sh603638     OK
[1008/3297] sh603650     OK
[1009/3297] sh603658     OK
[1010/3297] sh603659     OK
[1011/3297] sh603660     OK
[1012/3297] sh603662     OK
[1013/3297] sh603663     OK
[1014/3297] sh603666     OK
[1015/3297] sh603667     OK
[1016/3297] sh603668     OK
[1017/3297] sh603678     OK
[1018/3297] sh603680     OK
[1019/3297] sh603683     OK
[1020/3297] sh603685     OK
[1021/3297] sh603686     OK
[1022/3297] sh603687     OK
[1023/3297] sh603688     OK
[1024/3297] sh603690     OK
[1025/3297] sh603693     OK
[1026/3297] sh603698     OK
[1027/3297] sh603699     OK
[1028/3297] sh603701     OK
[1029/3297] sh603703     OK
[1030/3297] sh603707     OK
[1031/3297] sh603708     OK
[1032/3297] sh603711     OK
[1033/3297] sh603712     OK
[1034/3297] sh603713     OK
[1035/3297] sh603716     OK
[1036/3297] sh603727     OK
[1037/3297] sh603728     OK
[1038/3297] sh603730     OK
[1039/3297] sh603733     OK
[1040/3297] sh603737     OK
[1041/3297] sh603738     OK
[1042/3297] sh603757     OK
[1043/3297] sh603758     OK
[1044/3297] sh603766     OK
[1045/3297] sh603767     OK
[1046/3297] sh603773     OK
[1047/3297] sh603776     OK
[1048/3297] sh603778     OK
[1049/3297] sh603786     OK
[1050/3297] sh603799     OK
--- batch pause 5000ms ---
[1051/3297] sh603800     OK
[1052/3297] sh603803     OK
[1053/3297] sh603806     OK
[1054/3297] sh603809     OK
[1055/3297] sh603816     OK
[1056/3297] sh603823     OK
[1057/3297] sh603826     OK
[1058/3297] sh603829     OK
[1059/3297] sh603833     OK
[1060/3297] sh603848     OK
[1061/3297] sh603855     OK
[1062/3297] sh603858     OK
[1063/3297] sh603859     OK
[1064/3297] sh603861     OK
[1065/3297] sh603866     OK
[1066/3297] sh603867     OK
[1067/3297] sh603868     OK
[1068/3297] sh603871     OK
[1069/3297] sh603876     OK
[1070/3297] sh603877     OK
[1071/3297] sh603881     OK
[1072/3297] sh603882     OK
[1073/3297] sh603883     OK
[1074/3297] sh603885     OK
[1075/3297] sh603887     OK
[1076/3297] sh603888     OK
[1077/3297] sh603889     OK
[1078/3297] sh603890     OK
[1079/3297] sh603893     OK
[1080/3297] sh603897     OK
[1081/3297] sh603899     OK
[1082/3297] sh603901     OK
[1083/3297] sh603906     OK
[1084/3297] sh603912     OK
[1085/3297] sh603915     OK
[1086/3297] sh603919     OK
[1087/3297] sh603920     OK
[1088/3297] sh603927     OK
[1089/3297] sh603929     OK
[1090/3297] sh603931     OK
[1091/3297] sh603936     OK
[1092/3297] sh603938     OK
[1093/3297] sh603939     OK
[1094/3297] sh603950     OK
[1095/3297] sh603960     OK
[1096/3297] sh603969     OK
[1097/3297] sh603977     OK
[1098/3297] sh603978     OK
[1099/3297] sh603979     OK
[1100/3297] sh603983     OK
--- batch pause 5000ms ---
[1101/3297] sh603985     OK
[1102/3297] sh603986     OK
[1103/3297] sh603988     OK
[1104/3297] sh603989     OK
[1105/3297] sh603991     OK
[1106/3297] sh603992     OK
[1107/3297] sh603993     OK
[1108/3297] sh603995     OK
[1109/3297] sh603997     OK
[1110/3297] sh605005     OK
[1111/3297] sh605006     OK
[1112/3297] sh605007     OK
[1113/3297] sh605008     OK
[1114/3297] sh605009     OK
[1115/3297] sh605011     OK
[1116/3297] sh605016     OK
[1117/3297] sh605018     OK
[1118/3297] sh605020     OK
[1119/3297] sh605050     OK
[1120/3297] sh605056     OK
[1121/3297] sh605060     OK
[1122/3297] sh605086     OK
[1123/3297] sh605088     OK
[1124/3297] sh605090     OK
[1125/3297] sh605098     OK
[1126/3297] sh605099     OK
[1127/3297] sh605100     OK
[1128/3297] sh605111     OK
[1129/3297] sh605116     OK
[1130/3297] sh605117     OK
[1131/3297] sh605118     OK
[1132/3297] sh605123     OK
[1133/3297] sh605128     OK
[1134/3297] sh605133     OK
[1135/3297] sh605162     OK
[1136/3297] sh605167     OK
[1137/3297] sh605168     OK
[1138/3297] sh605178     OK
[1139/3297] sh605179     OK
[1140/3297] sh605183     OK
[1141/3297] sh605188     OK
[1142/3297] sh605196     OK
[1143/3297] sh605198     OK
[1144/3297] sh605222     OK
[1145/3297] sh605228     OK
[1146/3297] sh605255     OK
[1147/3297] sh605268     OK
[1148/3297] sh605277     OK
[1149/3297] sh605286     OK
[1150/3297] sh605287     OK
--- batch pause 5000ms ---
[1151/3297] sh605288     OK
[1152/3297] sh605289     OK
[1153/3297] sh605296     OK
[1154/3297] sh605298     OK
[1155/3297] sh605299     OK
[1156/3297] sh605305     OK
[1157/3297] sh605318     OK
[1158/3297] sh605319     OK
[1159/3297] sh605333     OK
[1160/3297] sh605338     OK
[1161/3297] sh605339     OK
[1162/3297] sh605358     OK
[1163/3297] sh605365     OK
[1164/3297] sh605366     OK
[1165/3297] sh605368     OK
[1166/3297] sh605376     OK
[1167/3297] sh605377     OK
[1168/3297] sh605378     OK
[1169/3297] sh605389     OK
[1170/3297] sh605488     OK
[1171/3297] sh605499     OK
[1172/3297] sh605507     OK
[1173/3297] sh605555     OK
[1174/3297] sh605577     OK
[1175/3297] sh605580     OK
[1176/3297] sh605589     OK
[1177/3297] sh605598     OK
[1178/3297] sh605599     OK
[1179/3297] sh688001     OK
[1180/3297] sh688002     OK
[1181/3297] sh688003     OK
[1182/3297] sh688005     OK
[1183/3297] sh688006     OK
[1184/3297] sh688007     OK
[1185/3297] sh688008     OK
[1186/3297] sh688009     OK
[1187/3297] sh688011     OK
[1188/3297] sh688012     OK
[1189/3297] sh688016     OK
[1190/3297] sh688017     OK
[1191/3297] sh688018     OK
[1192/3297] sh688019     OK
[1193/3297] sh688020     OK
[1194/3297] sh688025     OK
[1195/3297] sh688027     OK
[1196/3297] sh688028     OK
[1197/3297] sh688029     OK
[1198/3297] sh688031     OK
[1199/3297] sh688032     OK
[1200/3297] sh688035     OK
--- batch pause 5000ms ---
[1201/3297] sh688036     OK
[1202/3297] sh688037     OK
[1203/3297] sh688041     OK
[1204/3297] sh688046     OK
[1205/3297] sh688047     OK
[1206/3297] sh688048     OK
[1207/3297] sh688049     OK
[1208/3297] sh688050     OK
[1209/3297] sh688052     OK
[1210/3297] sh688055     OK
[1211/3297] sh688059     OK
[1212/3297] sh688062     OK
[1213/3297] sh688063     OK
[1214/3297] sh688065     OK
[1215/3297] sh688068     OK
[1216/3297] sh688072     OK
[1217/3297] sh688073     OK
[1218/3297] sh688079     OK
[1219/3297] sh688082     OK
[1220/3297] sh688083     OK
[1221/3297] sh688085     OK
[1222/3297] sh688087     OK
[1223/3297] sh688088     OK
[1224/3297] sh688090     OK
[1225/3297] sh688091     OK
[1226/3297] sh688093     OK
[1227/3297] sh688095     OK
[1228/3297] sh688097     OK
[1229/3297] sh688099     OK
[1230/3297] sh688100     OK
[1231/3297] sh688101     OK
[1232/3297] sh688102     OK
[1233/3297] sh688103     OK
[1234/3297] sh688105     OK
[1235/3297] sh688106     OK
[1236/3297] sh688107     OK
[1237/3297] sh688108     OK
[1238/3297] sh688109     OK
[1239/3297] sh688110     OK
[1240/3297] sh688111     OK
[1241/3297] sh688112     OK
[1242/3297] sh688114     OK
[1243/3297] sh688116     OK
[1244/3297] sh688117     OK
[1245/3297] sh688119     OK
[1246/3297] sh688120     OK
[1247/3297] sh688122     OK
[1248/3297] sh688123     OK
[1249/3297] sh688125     OK
[1250/3297] sh688126     OK
--- batch pause 5000ms ---
[1251/3297] sh688127     OK
[1252/3297] sh688128     OK
[1253/3297] sh688131     OK
[1254/3297] sh688135     OK
[1255/3297] sh688136     OK
[1256/3297] sh688138     OK
[1257/3297] sh688139     OK
[1258/3297] sh688141     OK
[1259/3297] sh688143     OK
[1260/3297] sh688146     OK
[1261/3297] sh688147     OK
[1262/3297] sh688150     OK
[1263/3297] sh688151     OK
[1264/3297] sh688153     OK
[1265/3297] sh688155     OK
[1266/3297] sh688157     OK
[1267/3297] sh688158     OK
[1268/3297] sh688160     OK
[1269/3297] sh688161     OK
[1270/3297] sh688165     OK
[1271/3297] sh688166     OK
[1272/3297] sh688167     OK
[1273/3297] sh688168     OK
[1274/3297] sh688169     OK
[1275/3297] sh688172     OK
[1276/3297] sh688173     OK
[1277/3297] sh688176     OK
[1278/3297] sh688177     OK
[1279/3297] sh688179     OK
[1280/3297] sh688180     OK
[1281/3297] sh688182     OK
[1282/3297] sh688183     OK
[1283/3297] sh688185     OK
[1284/3297] sh688186     OK
[1285/3297] sh688187     OK
[1286/3297] sh688188     OK
[1287/3297] sh688190     OK
[1288/3297] sh688191     OK
[1289/3297] sh688192     OK
[1290/3297] sh688195     OK
[1291/3297] sh688196     OK
[1292/3297] sh688197     OK
[1293/3297] sh688198     OK
[1294/3297] sh688200     OK
[1295/3297] sh688202     OK
[1296/3297] sh688205     OK
[1297/3297] sh688206     OK
[1298/3297] sh688208     OK
[1299/3297] sh688209     OK
[1300/3297] sh688210     OK
--- batch pause 5000ms ---
[1301/3297] sh688212     OK
[1302/3297] sh688213     OK
[1303/3297] sh688219     OK
[1304/3297] sh688220     OK
[1305/3297] sh688221     OK
[1306/3297] sh688222     OK
[1307/3297] sh688223     OK
[1308/3297] sh688225     OK
[1309/3297] sh688226     OK
[1310/3297] sh688227     OK
[1311/3297] sh688228     OK
[1312/3297] sh688230     OK
[1313/3297] sh688231     OK
[1314/3297] sh688232     OK
[1315/3297] sh688233     OK
[1316/3297] sh688234     OK
[1317/3297] sh688235     OK
[1318/3297] sh688236     OK
[1319/3297] sh688239     OK
[1320/3297] sh688248     OK
[1321/3297] sh688249     OK
[1322/3297] sh688252     OK
[1323/3297] sh688256     OK
[1324/3297] sh688257     OK
[1325/3297] sh688258     OK
[1326/3297] sh688261     OK
[1327/3297] sh688262     OK
[1328/3297] sh688266     OK
[1329/3297] sh688267     OK
[1330/3297] sh688268     OK
[1331/3297] sh688270     OK
[1332/3297] sh688271     OK
[1333/3297] sh688275     OK
[1334/3297] sh688276     OK
[1335/3297] sh688277     OK
[1336/3297] sh688278     OK
[1337/3297] sh688279     OK
[1338/3297] sh688280     OK
[1339/3297] sh688281     OK
[1340/3297] sh688282     OK
[1341/3297] sh688289     OK
[1342/3297] sh688293     OK
[1343/3297] sh688295     OK
[1344/3297] sh688297     OK
[1345/3297] sh688300     OK
[1346/3297] sh688301     OK
[1347/3297] sh688303     OK
[1348/3297] sh688305     OK
[1349/3297] sh688306     OK
[1350/3297] sh688307     OK
--- batch pause 5000ms ---
[1351/3297] sh688308     OK
[1352/3297] sh688311     OK
[1353/3297] sh688312     OK
[1354/3297] sh688313     OK
[1355/3297] sh688315     OK
[1356/3297] sh688318     OK
[1357/3297] sh688319     OK
[1358/3297] sh688321     OK
[1359/3297] sh688322     OK
[1360/3297] sh688325     OK
[1361/3297] sh688326     OK
[1362/3297] sh688327     OK
[1363/3297] sh688330     OK
[1364/3297] sh688331     OK
[1365/3297] sh688332     OK
[1366/3297] sh688333     OK
[1367/3297] sh688334     OK
[1368/3297] sh688336     OK
[1369/3297] sh688337     OK
[1370/3297] sh688339     OK
[1371/3297] sh688343     OK
[1372/3297] sh688347     OK
[1373/3297] sh688348     OK
[1374/3297] sh688349     OK
[1375/3297] sh688351     OK
[1376/3297] sh688352     OK
[1377/3297] sh688353     OK
[1378/3297] sh688356     OK
[1379/3297] sh688359     OK
[1380/3297] sh688360     OK
[1381/3297] sh688361     OK
[1382/3297] sh688362     OK
[1383/3297] sh688363     OK
[1384/3297] sh688365     OK
[1385/3297] sh688366     OK
[1386/3297] sh688368     OK
[1387/3297] sh688371     OK
[1388/3297] sh688372     OK
[1389/3297] sh688375     OK
[1390/3297] sh688376     OK
[1391/3297] sh688377     OK
[1392/3297] sh688378     OK
[1393/3297] sh688380     OK
[1394/3297] sh688381     OK
[1395/3297] sh688382     OK
[1396/3297] sh688383     OK
[1397/3297] sh688385     OK
[1398/3297] sh688386     OK
[1399/3297] sh688387     OK
[1400/3297] sh688388     OK
--- batch pause 5000ms ---
[1401/3297] sh688389     OK
[1402/3297] sh688390     OK
[1403/3297] sh688392     OK
[1404/3297] sh688396     OK
[1405/3297] sh688400     OK
[1406/3297] sh688401     OK
[1407/3297] sh688403     OK
[1408/3297] sh688408     OK
[1409/3297] sh688409     OK
[1410/3297] sh688410     OK
[1411/3297] sh688411     OK
[1412/3297] sh688416     OK
[1413/3297] sh688418     OK
[1414/3297] sh688425     OK
[1415/3297] sh688428     OK
[1416/3297] sh688429     OK
[1417/3297] sh688432     OK
[1418/3297] sh688433     OK
[1419/3297] sh688439     OK
[1420/3297] sh688443     OK
[1421/3297] sh688449     OK
[1422/3297] sh688456     OK
[1423/3297] sh688469     OK
[1424/3297] sh688472     OK
[1425/3297] sh688475     OK
[1426/3297] sh688479     OK
[1427/3297] sh688480     OK
[1428/3297] sh688484     OK
[1429/3297] sh688486     OK
[1430/3297] sh688488     OK
[1431/3297] sh688498     OK
[1432/3297] sh688499     OK
[1433/3297] sh688502     OK
[1434/3297] sh688503     FAILED
[1435/3297] sh688505     FAILED
[1436/3297] sh688506     FAILED
[1437/3297] sh688507     FAILED
[1438/3297] sh688508     FAILED
--- failure streak cooldown 45000ms ---
[1439/3297] sh688510     FAILED
[1440/3297] sh688512     FAILED
[1441/3297] sh688513     FAILED
[1442/3297] sh688515     FAILED
[1443/3297] sh688516     FAILED
--- failure streak cooldown 45000ms ---
[1444/3297] sh688518     OK
[1445/3297] sh688519     OK
[1446/3297] sh688520     OK
[1447/3297] sh688521     OK
[1448/3297] sh688522     OK
[1449/3297] sh688523     OK
[1450/3297] sh688525     OK
--- batch pause 5000ms ---
[1451/3297] sh688526     OK
[1452/3297] sh688531     OK
[1453/3297] sh688535     OK
[1454/3297] sh688536     OK
[1455/3297] sh688538     OK
[1456/3297] sh688539     OK
[1457/3297] sh688543     OK
[1458/3297] sh688545     OK
[1459/3297] sh688548     OK
[1460/3297] sh688549     OK
[1461/3297] sh688550     OK
[1462/3297] sh688552     OK
[1463/3297] sh688553     OK
[1464/3297] sh688556     OK
[1465/3297] sh688559     OK
[1466/3297] sh688561     OK
[1467/3297] sh688562     OK
[1468/3297] sh688563     OK
[1469/3297] sh688566     OK
[1470/3297] sh688567     OK
[1471/3297] sh688568     OK
[1472/3297] sh688570     OK
[1473/3297] sh688575     OK
[1474/3297] sh688577     OK
[1475/3297] sh688578     OK
[1476/3297] sh688580     OK
[1477/3297] sh688582     OK
[1478/3297] sh688583     OK
[1479/3297] sh688584     OK
[1480/3297] sh688585     OK
[1481/3297] sh688586     OK
[1482/3297] sh688591     OK
[1483/3297] sh688593     OK
[1484/3297] sh688596     OK
[1485/3297] sh688599     OK
[1486/3297] sh688601     OK
[1487/3297] sh688603     OK
[1488/3297] sh688605     OK
[1489/3297] sh688606     OK
[1490/3297] sh688607     OK
[1491/3297] sh688608     OK
[1492/3297] sh688610     OK
[1493/3297] sh688611     OK
[1494/3297] sh688612     OK
[1495/3297] sh688615     OK
[1496/3297] sh688617     OK
[1497/3297] sh688621     OK
[1498/3297] sh688622     OK
[1499/3297] sh688623     OK
[1500/3297] sh688625     OK
--- batch pause 5000ms ---
[1501/3297] sh688626     OK
[1502/3297] sh688627     OK
[1503/3297] sh688628     OK
[1504/3297] sh688629     OK
[1505/3297] sh688630     OK
[1506/3297] sh688631     OK
[1507/3297] sh688636     OK
[1508/3297] sh688639     OK
[1509/3297] sh688648     OK
[1510/3297] sh688652     OK
[1511/3297] sh688653     OK
[1512/3297] sh688656     OK
[1513/3297] sh688658     OK
[1514/3297] sh688660     OK
[1515/3297] sh688661     OK
[1516/3297] sh688662     OK
[1517/3297] sh688663     OK
[1518/3297] sh688667     OK
[1519/3297] sh688668     OK
[1520/3297] sh688676     OK
[1521/3297] sh688677     OK
[1522/3297] sh688678     OK
[1523/3297] sh688679     OK
[1524/3297] sh688683     OK
[1525/3297] sh688685     OK
[1526/3297] sh688686     OK
[1527/3297] sh688690     OK
[1528/3297] sh688691     OK
[1529/3297] sh688692     OK
[1530/3297] sh688696     OK
[1531/3297] sh688697     OK
[1532/3297] sh688698     OK
[1533/3297] sh688700     OK
[1534/3297] sh688702     OK
[1535/3297] sh688707     OK
[1536/3297] sh688708     OK
[1537/3297] sh688709     OK
[1538/3297] sh688710     OK
[1539/3297] sh688711     OK
[1540/3297] sh688712     OK
[1541/3297] sh688717     OK
[1542/3297] sh688720     OK
[1543/3297] sh688721     OK
[1544/3297] sh688726     OK
[1545/3297] sh688727     OK
[1546/3297] sh688728     OK
[1547/3297] sh688729     OK
[1548/3297] sh688733     OK
[1549/3297] sh688739     OK
[1550/3297] sh688750     OK
--- batch pause 5000ms ---
[1551/3297] sh688757     OK
[1552/3297] sh688758     OK
[1553/3297] sh688759     OK
[1554/3297] sh688765     OK
[1555/3297] sh688766     OK
[1556/3297] sh688772     OK
[1557/3297] sh688775     OK
[1558/3297] sh688776     OK
[1559/3297] sh688777     OK
[1560/3297] sh688778     OK
[1561/3297] sh688779     OK
[1562/3297] sh688781     OK
[1563/3297] sh688783     OK
[1564/3297] sh688785     OK
[1565/3297] sh688787     OK
[1566/3297] sh688788     OK
[1567/3297] sh688789     OK
[1568/3297] sh688790     OK
[1569/3297] sh688795     OK
[1570/3297] sh688796     OK
[1571/3297] sh688798     OK
[1572/3297] sh688799     OK
[1573/3297] sh688800     OK
[1574/3297] sh688802     OK
[1575/3297] sh688805     OK
[1576/3297] sh688807     OK
[1577/3297] sh688809     OK
[1578/3297] sh688813     OK
[1579/3297] sh688816     OK
[1580/3297] sh688818     OK
[1581/3297] sh688819     OK
[1582/3297] sz000001     OK
[1583/3297] sz000002     OK
[1584/3297] sz000006     OK
[1585/3297] sz000008     OK
[1586/3297] sz000009     OK
[1587/3297] sz000011     OK
[1588/3297] sz000012     OK
[1589/3297] sz000016     OK
[1590/3297] sz000019     OK
[1591/3297] sz000021     OK
[1592/3297] sz000025     OK
[1593/3297] sz000026     OK
[1594/3297] sz000027     OK
[1595/3297] sz000028     OK
[1596/3297] sz000029     OK
[1597/3297] sz000030     OK
[1598/3297] sz000031     OK
[1599/3297] sz000032     OK
[1600/3297] sz000034     OK
--- batch pause 5000ms ---
[1601/3297] sz000035     OK
[1602/3297] sz000036     OK
[1603/3297] sz000037     OK
[1604/3297] sz000039     OK
[1605/3297] sz000042     OK
[1606/3297] sz000045     OK
[1607/3297] sz000048     OK
[1608/3297] sz000049     OK
[1609/3297] sz000050     OK
[1610/3297] sz000058     OK
[1611/3297] sz000059     OK
[1612/3297] sz000060     OK
[1613/3297] sz000061     OK
[1614/3297] sz000062     OK
[1615/3297] sz000063     OK
[1616/3297] sz000065     OK
[1617/3297] sz000066     OK
[1618/3297] sz000069     OK
[1619/3297] sz000070     OK
[1620/3297] sz000078     OK
[1621/3297] sz000088     OK
[1622/3297] sz000089     OK
[1623/3297] sz000090     OK
[1624/3297] sz000096     OK
[1625/3297] sz000099     OK
[1626/3297] sz000100     OK
[1627/3297] sz000155     OK
[1628/3297] sz000156     OK
[1629/3297] sz000157     OK
[1630/3297] sz000158     OK
[1631/3297] sz000166     OK
[1632/3297] sz000301     OK
[1633/3297] sz000338     OK
[1634/3297] sz000400     OK
[1635/3297] sz000401     OK
[1636/3297] sz000402     OK
[1637/3297] sz000403     OK
[1638/3297] sz000408     OK
[1639/3297] sz000409     OK
[1640/3297] sz000410     OK
[1641/3297] sz000411     OK
[1642/3297] sz000415     OK
[1643/3297] sz000417     OK
[1644/3297] sz000420     OK
[1645/3297] sz000422     OK
[1646/3297] sz000423     OK
[1647/3297] sz000425     OK
[1648/3297] sz000426     OK
[1649/3297] sz000429     OK
[1650/3297] sz000498     OK
--- batch pause 5000ms ---
[1651/3297] sz000501     OK
[1652/3297] sz000503     OK
[1653/3297] sz000505     OK
[1654/3297] sz000506     OK
[1655/3297] sz000507     OK
[1656/3297] sz000510     OK
[1657/3297] sz000513     OK
[1658/3297] sz000516     OK
[1659/3297] sz000517     OK
[1660/3297] sz000519     OK
[1661/3297] sz000521     OK
[1662/3297] sz000523     OK
[1663/3297] sz000524     OK
[1664/3297] sz000525     OK
[1665/3297] sz000528     OK
[1666/3297] sz000531     OK
[1667/3297] sz000533     OK
[1668/3297] sz000534     OK
[1669/3297] sz000536     OK
[1670/3297] sz000537     OK
[1671/3297] sz000538     OK
[1672/3297] sz000539     OK
[1673/3297] sz000541     OK
[1674/3297] sz000543     OK
[1675/3297] sz000544     OK
[1676/3297] sz000547     OK
[1677/3297] sz000550     OK
[1678/3297] sz000551     OK
[1679/3297] sz000552     OK
[1680/3297] sz000553     OK
[1681/3297] sz000555     OK
[1682/3297] sz000557     OK
[1683/3297] sz000558     OK
[1684/3297] sz000559     OK
[1685/3297] sz000560     OK
[1686/3297] sz000561     OK
[1687/3297] sz000563     OK
[1688/3297] sz000564     OK
[1689/3297] sz000566     OK
[1690/3297] sz000567     OK
[1691/3297] sz000568     OK
[1692/3297] sz000572     OK
[1693/3297] sz000581     OK
[1694/3297] sz000582     OK
[1695/3297] sz000589     OK
[1696/3297] sz000591     OK
[1697/3297] sz000592     OK
[1698/3297] sz000593     OK
[1699/3297] sz000596     OK
[1700/3297] sz000597     OK
--- batch pause 5000ms ---
[1701/3297] sz000598     OK
[1702/3297] sz000600     OK
[1703/3297] sz000601     OK
[1704/3297] sz000603     OK
[1705/3297] sz000612     OK
[1706/3297] sz000617     OK
[1707/3297] sz000620     OK
[1708/3297] sz000623     OK
[1709/3297] sz000625     OK
[1710/3297] sz000628     OK
[1711/3297] sz000629     OK
[1712/3297] sz000630     OK
[1713/3297] sz000631     OK
[1714/3297] sz000636     OK
[1715/3297] sz000650     OK
[1716/3297] sz000651     OK
[1717/3297] sz000652     OK
[1718/3297] sz000655     OK
[1719/3297] sz000657     OK
[1720/3297] sz000659     OK
[1721/3297] sz000661     OK
[1722/3297] sz000665     OK
[1723/3297] sz000670     OK
[1724/3297] sz000672     OK
[1725/3297] sz000676     OK
[1726/3297] sz000678     OK
[1727/3297] sz000680     OK
[1728/3297] sz000681     OK
[1729/3297] sz000682     OK
[1730/3297] sz000683     OK
[1731/3297] sz000685     OK
[1732/3297] sz000686     OK
[1733/3297] sz000688     OK
[1734/3297] sz000690     OK
[1735/3297] sz000700     OK
[1736/3297] sz000703     OK
[1737/3297] sz000708     OK
[1738/3297] sz000709     OK
[1739/3297] sz000712     OK
[1740/3297] sz000713     OK
[1741/3297] sz000717     OK
[1742/3297] sz000718     OK
[1743/3297] sz000719     OK
[1744/3297] sz000720     OK
[1745/3297] sz000722     OK
[1746/3297] sz000723     OK
[1747/3297] sz000725     OK
[1748/3297] sz000726     OK
[1749/3297] sz000727     OK
[1750/3297] sz000728     OK
--- batch pause 5000ms ---
[1751/3297] sz000729     OK
[1752/3297] sz000733     OK
[1753/3297] sz000735     OK
[1754/3297] sz000737     OK
[1755/3297] sz000738     OK
[1756/3297] sz000739     OK
[1757/3297] sz000750     OK
[1758/3297] sz000751     OK
[1759/3297] sz000753     OK
[1760/3297] sz000755     OK
[1761/3297] sz000756     OK
[1762/3297] sz000758     OK
[1763/3297] sz000761     OK
[1764/3297] sz000762     OK
[1765/3297] sz000766     OK
[1766/3297] sz000767     OK
[1767/3297] sz000768     OK
[1768/3297] sz000776     OK
[1769/3297] sz000777     OK
[1770/3297] sz000778     OK
[1771/3297] sz000783     OK
[1772/3297] sz000785     OK
[1773/3297] sz000786     OK
[1774/3297] sz000791     OK
[1775/3297] sz000792     OK
[1776/3297] sz000795     OK
[1777/3297] sz000796     OK
[1778/3297] sz000799     OK
[1779/3297] sz000800     OK
[1780/3297] sz000801     OK
[1781/3297] sz000807     OK
[1782/3297] sz000810     OK
[1783/3297] sz000811     OK
[1784/3297] sz000813     OK
[1785/3297] sz000815     OK
[1786/3297] sz000818     OK
[1787/3297] sz000819     OK
[1788/3297] sz000822     OK
[1789/3297] sz000823     OK
[1790/3297] sz000825     OK
[1791/3297] sz000828     OK
[1792/3297] sz000829     OK
[1793/3297] sz000830     OK
[1794/3297] sz000831     OK
[1795/3297] sz000833     OK
[1796/3297] sz000837     OK
[1797/3297] sz000839     OK
[1798/3297] sz000848     OK
[1799/3297] sz000852     OK
[1800/3297] sz000858     OK
--- batch pause 5000ms ---
[1801/3297] sz000859     OK
[1802/3297] sz000860     OK
[1803/3297] sz000862     OK
[1804/3297] sz000863     OK
[1805/3297] sz000869     OK
[1806/3297] sz000875     OK
[1807/3297] sz000876     OK
[1808/3297] sz000877     OK
[1809/3297] sz000878     OK
[1810/3297] sz000880     OK
[1811/3297] sz000881     OK
[1812/3297] sz000883     OK
[1813/3297] sz000885     OK
[1814/3297] sz000886     OK
[1815/3297] sz000887     OK
[1816/3297] sz000888     OK
[1817/3297] sz000890     OK
[1818/3297] sz000892     OK
[1819/3297] sz000893     OK
[1820/3297] sz000895     OK
[1821/3297] sz000898     OK
[1822/3297] sz000899     OK
[1823/3297] sz000900     OK
[1824/3297] sz000901     OK
[1825/3297] sz000902     OK
[1826/3297] sz000905     OK
[1827/3297] sz000912     OK
[1828/3297] sz000913     OK
[1829/3297] sz000915     OK
[1830/3297] sz000917     OK
[1831/3297] sz000920     OK
[1832/3297] sz000921     OK
[1833/3297] sz000922     OK
[1834/3297] sz000923     OK
[1835/3297] sz000927     OK
[1836/3297] sz000928     OK
[1837/3297] sz000930     OK
[1838/3297] sz000932     OK
[1839/3297] sz000933     OK
[1840/3297] sz000935     OK
[1841/3297] sz000936     OK
[1842/3297] sz000937     OK
[1843/3297] sz000938     OK
[1844/3297] sz000948     OK
[1845/3297] sz000949     OK
[1846/3297] sz000950     OK
[1847/3297] sz000951     OK
[1848/3297] sz000957     OK
[1849/3297] sz000958     OK
[1850/3297] sz000959     OK
--- batch pause 5000ms ---
[1851/3297] sz000960     OK
[1852/3297] sz000962     OK
[1853/3297] sz000963     OK
[1854/3297] sz000966     OK
[1855/3297] sz000967     OK
[1856/3297] sz000968     OK
[1857/3297] sz000969     OK
[1858/3297] sz000970     OK
[1859/3297] sz000973     OK
[1860/3297] sz000975     OK
[1861/3297] sz000977     OK
[1862/3297] sz000980     OK
[1863/3297] sz000981     OK
[1864/3297] sz000983     OK
[1865/3297] sz000987     OK
[1866/3297] sz000988     OK
[1867/3297] sz000989     OK
[1868/3297] sz000990     OK
[1869/3297] sz000993     OK
[1870/3297] sz000997     OK
[1871/3297] sz000998     OK
[1872/3297] sz000999     OK
[1873/3297] sz001203     OK
[1874/3297] sz001207     OK
[1875/3297] sz001208     OK
[1876/3297] sz001212     OK
[1877/3297] sz001213     OK
[1878/3297] sz001221     OK
[1879/3297] sz001227     OK
[1880/3297] sz001233     OK
[1881/3297] sz001236     OK
[1882/3297] sz001238     OK
[1883/3297] sz001257     OK
[1884/3297] sz001258     OK
[1885/3297] sz001267     OK
[1886/3297] sz001280     OK
[1887/3297] sz001283     OK
[1888/3297] sz001285     OK
[1889/3297] sz001286     OK
[1890/3297] sz001287     OK
[1891/3297] sz001288     OK
[1892/3297] sz001289     OK
[1893/3297] sz001298     OK
[1894/3297] sz001301     OK
[1895/3297] sz001308     OK
[1896/3297] sz001309     OK
[1897/3297] sz001311     OK
[1898/3297] sz001313     OK
[1899/3297] sz001314     OK
[1900/3297] sz001316     OK
--- batch pause 5000ms ---
[1901/3297] sz001322     OK
[1902/3297] sz001323     OK
[1903/3297] sz001328     OK
[1904/3297] sz001330     OK
[1905/3297] sz001331     OK
[1906/3297] sz001332     OK
[1907/3297] sz001337     OK
[1908/3297] sz001338     OK
[1909/3297] sz001339     OK
[1910/3297] sz001356     OK
[1911/3297] sz001359     OK
[1912/3297] sz001369     OK
[1913/3297] sz001376     OK
[1914/3297] sz001380     OK
[1915/3297] sz001382     OK
[1916/3297] sz001386     OK
[1917/3297] sz001388     OK
[1918/3297] sz001389     OK
[1919/3297] sz001391     OK
[1920/3297] sz001400     OK
[1921/3297] sz001696     OK
[1922/3297] sz001872     OK
[1923/3297] sz001896     OK
[1924/3297] sz001914     OK
[1925/3297] sz001965     OK
[1926/3297] sz001979     OK
[1927/3297] sz002001     OK
[1928/3297] sz002003     OK
[1929/3297] sz002004     OK
[1930/3297] sz002006     OK
[1931/3297] sz002007     OK
[1932/3297] sz002008     OK
[1933/3297] sz002009     OK
[1934/3297] sz002010     OK
[1935/3297] sz002011     OK
[1936/3297] sz002014     OK
[1937/3297] sz002015     OK
[1938/3297] sz002017     OK
[1939/3297] sz002019     OK
[1940/3297] sz002020     OK
[1941/3297] sz002023     OK
[1942/3297] sz002025     OK
[1943/3297] sz002026     OK
[1944/3297] sz002027     OK
[1945/3297] sz002028     OK
[1946/3297] sz002029     OK
[1947/3297] sz002030     OK
[1948/3297] sz002031     OK
[1949/3297] sz002032     OK
[1950/3297] sz002033     OK
--- batch pause 5000ms ---
[1951/3297] sz002034     OK
[1952/3297] sz002035     OK
[1953/3297] sz002036     OK
[1954/3297] sz002038     OK
[1955/3297] sz002039     OK
[1956/3297] sz002040     OK
[1957/3297] sz002041     OK
[1958/3297] sz002042     OK
[1959/3297] sz002043     OK
[1960/3297] sz002044     OK
[1961/3297] sz002045     OK
[1962/3297] sz002046     OK
[1963/3297] sz002048     OK
[1964/3297] sz002049     OK
[1965/3297] sz002050     OK
[1966/3297] sz002051     OK
[1967/3297] sz002052     OK
[1968/3297] sz002053     OK
[1969/3297] sz002056     OK
[1970/3297] sz002057     OK
[1971/3297] sz002059     OK
[1972/3297] sz002060     OK
[1973/3297] sz002061     OK
[1974/3297] sz002062     OK
[1975/3297] sz002063     OK
[1976/3297] sz002064     OK
[1977/3297] sz002065     OK
[1978/3297] sz002067     OK
[1979/3297] sz002068     OK
[1980/3297] sz002073     OK
[1981/3297] sz002074     OK
[1982/3297] sz002075     OK
[1983/3297] sz002077     OK
[1984/3297] sz002078     OK
[1985/3297] sz002079     OK
[1986/3297] sz002080     OK
[1987/3297] sz002081     OK
[1988/3297] sz002082     OK
[1989/3297] sz002083     OK
[1990/3297] sz002085     OK
[1991/3297] sz002088     OK
[1992/3297] sz002091     OK
[1993/3297] sz002092     OK
[1994/3297] sz002093     OK
[1995/3297] sz002096     OK
[1996/3297] sz002097     OK
[1997/3297] sz002099     OK
[1998/3297] sz002100     OK
[1999/3297] sz002101     OK
[2000/3297] sz002102     OK
--- batch pause 5000ms ---
[2001/3297] sz002104     OK
[2002/3297] sz002106     OK
[2003/3297] sz002108     OK
[2004/3297] sz002109     OK
[2005/3297] sz002110     OK
[2006/3297] sz002111     OK
[2007/3297] sz002112     OK
[2008/3297] sz002115     OK
[2009/3297] sz002117     OK
[2010/3297] sz002119     OK
[2011/3297] sz002120     OK
[2012/3297] sz002121     OK
[2013/3297] sz002123     OK
[2014/3297] sz002124     OK
[2015/3297] sz002125     OK
[2016/3297] sz002126     OK
[2017/3297] sz002127     OK
[2018/3297] sz002128     OK
[2019/3297] sz002129     OK
[2020/3297] sz002130     OK
[2021/3297] sz002131     OK
[2022/3297] sz002132     OK
[2023/3297] sz002135     OK
[2024/3297] sz002138     OK
[2025/3297] sz002139     OK
[2026/3297] sz002140     OK
[2027/3297] sz002142     OK
[2028/3297] sz002145     OK
[2029/3297] sz002146     OK
[2030/3297] sz002149     OK
[2031/3297] sz002150     OK
[2032/3297] sz002151     OK
[2033/3297] sz002152     OK
[2034/3297] sz002153     OK
[2035/3297] sz002154     OK
[2036/3297] sz002155     OK
[2037/3297] sz002156     OK
[2038/3297] sz002157     OK
[2039/3297] sz002158     OK
[2040/3297] sz002160     OK
[2041/3297] sz002161     OK
[2042/3297] sz002163     OK
[2043/3297] sz002164     OK
[2044/3297] sz002165     OK
[2045/3297] sz002166     OK
[2046/3297] sz002167     OK
[2047/3297] sz002169     OK
[2048/3297] sz002170     OK
[2049/3297] sz002171     OK
[2050/3297] sz002173     OK
--- batch pause 5000ms ---
[2051/3297] sz002174     OK
[2052/3297] sz002176     OK
[2053/3297] sz002177     OK
[2054/3297] sz002179     OK
[2055/3297] sz002180     OK
[2056/3297] sz002181     OK
[2057/3297] sz002182     OK
[2058/3297] sz002183     OK
[2059/3297] sz002185     OK
[2060/3297] sz002190     OK
[2061/3297] sz002191     OK
[2062/3297] sz002192     OK
[2063/3297] sz002194     OK
[2064/3297] sz002195     OK
[2065/3297] sz002196     OK
[2066/3297] sz002201     OK
[2067/3297] sz002202     OK
[2068/3297] sz002203     OK
[2069/3297] sz002204     OK
[2070/3297] sz002206     OK
[2071/3297] sz002208     OK
[2072/3297] sz002210     OK
[2073/3297] sz002212     OK
[2074/3297] sz002213     OK
[2075/3297] sz002215     OK
[2076/3297] sz002216     OK
[2077/3297] sz002217     OK
[2078/3297] sz002218     OK
[2079/3297] sz002219     OK
[2080/3297] sz002221     OK
[2081/3297] sz002222     OK
[2082/3297] sz002223     OK
[2083/3297] sz002225     OK
[2084/3297] sz002226     OK
[2085/3297] sz002229     OK
[2086/3297] sz002230     OK
[2087/3297] sz002232     OK
[2088/3297] sz002233     OK
[2089/3297] sz002235     OK
[2090/3297] sz002236     OK
[2091/3297] sz002237     OK
[2092/3297] sz002238     OK
[2093/3297] sz002239     OK
[2094/3297] sz002240     OK
[2095/3297] sz002241     OK
[2096/3297] sz002242     OK
[2097/3297] sz002243     OK
[2098/3297] sz002244     OK
[2099/3297] sz002245     OK
[2100/3297] sz002246     OK
--- batch pause 5000ms ---
[2101/3297] sz002249     OK
[2102/3297] sz002250     OK
[2103/3297] sz002251     OK
[2104/3297] sz002252     OK
[2105/3297] sz002254     OK
[2106/3297] sz002255     OK
[2107/3297] sz002256     OK
[2108/3297] sz002258     OK
[2109/3297] sz002261     OK
[2110/3297] sz002262     OK
[2111/3297] sz002263     OK
[2112/3297] sz002264     OK
[2113/3297] sz002265     OK
[2114/3297] sz002266     OK
[2115/3297] sz002267     OK
[2116/3297] sz002268     OK
[2117/3297] sz002270     OK
[2118/3297] sz002271     OK
[2119/3297] sz002272     OK
[2120/3297] sz002273     OK
[2121/3297] sz002274     OK
[2122/3297] sz002275     OK
[2123/3297] sz002276     OK
[2124/3297] sz002277     OK
[2125/3297] sz002279     OK
[2126/3297] sz002281     OK
[2127/3297] sz002283     OK
[2128/3297] sz002284     OK
[2129/3297] sz002285     OK
[2130/3297] sz002287     OK
[2131/3297] sz002290     OK
[2132/3297] sz002291     OK
[2133/3297] sz002292     OK
[2134/3297] sz002293     OK
[2135/3297] sz002294     OK
[2136/3297] sz002297     OK
[2137/3297] sz002298     OK
[2138/3297] sz002299     OK
[2139/3297] sz002300     OK
[2140/3297] sz002302     OK
[2141/3297] sz002303     OK
[2142/3297] sz002304     OK
[2143/3297] sz002307     OK
[2144/3297] sz002309     OK
[2145/3297] sz002310     OK
[2146/3297] sz002311     OK
[2147/3297] sz002312     OK
[2148/3297] sz002314     OK
[2149/3297] sz002315     OK
[2150/3297] sz002317     OK
--- batch pause 5000ms ---
[2151/3297] sz002318     OK
[2152/3297] sz002320     OK
[2153/3297] sz002324     OK
[2154/3297] sz002326     OK
[2155/3297] sz002327     OK
[2156/3297] sz002328     OK
[2157/3297] sz002332     OK
[2158/3297] sz002334     OK
[2159/3297] sz002335     OK
[2160/3297] sz002338     OK
[2161/3297] sz002339     OK
[2162/3297] sz002340     OK
[2163/3297] sz002342     OK
[2164/3297] sz002344     OK
[2165/3297] sz002345     OK
[2166/3297] sz002346     OK
[2167/3297] sz002348     OK
[2168/3297] sz002349     OK
[2169/3297] sz002350     OK
[2170/3297] sz002351     OK
[2171/3297] sz002352     OK
[2172/3297] sz002353     OK
[2173/3297] sz002354     OK
[2174/3297] sz002358     OK
[2175/3297] sz002361     OK
[2176/3297] sz002364     OK
[2177/3297] sz002366     OK
[2178/3297] sz002367     OK
[2179/3297] sz002368     OK
[2180/3297] sz002370     OK
[2181/3297] sz002371     OK
[2182/3297] sz002372     OK
[2183/3297] sz002373     OK
[2184/3297] sz002375     OK
[2185/3297] sz002376     OK
[2186/3297] sz002378     OK
[2187/3297] sz002379     OK
[2188/3297] sz002380     OK
[2189/3297] sz002382     OK
[2190/3297] sz002383     OK
[2191/3297] sz002384     OK
[2192/3297] sz002385     OK
[2193/3297] sz002386     OK
[2194/3297] sz002387     OK
[2195/3297] sz002389     OK
[2196/3297] sz002390     OK
[2197/3297] sz002392     OK
[2198/3297] sz002393     OK
[2199/3297] sz002396     OK
[2200/3297] sz002399     OK
--- batch pause 5000ms ---
[2201/3297] sz002400     OK
[2202/3297] sz002401     OK
[2203/3297] sz002402     OK
[2204/3297] sz002405     OK
[2205/3297] sz002406     OK
[2206/3297] sz002407     OK
[2207/3297] sz002408     OK
[2208/3297] sz002409     OK
[2209/3297] sz002410     OK
[2210/3297] sz002413     OK
[2211/3297] sz002414     OK
[2212/3297] sz002415     OK
[2213/3297] sz002416     OK
[2214/3297] sz002418     OK
[2215/3297] sz002419     OK
[2216/3297] sz002421     OK
[2217/3297] sz002422     OK
[2218/3297] sz002423     OK
[2219/3297] sz002426     OK
[2220/3297] sz002427     OK
[2221/3297] sz002428     OK
[2222/3297] sz002429     OK
[2223/3297] sz002430     OK
[2224/3297] sz002432     OK
[2225/3297] sz002434     OK
[2226/3297] sz002436     OK
[2227/3297] sz002437     OK
[2228/3297] sz002438     OK
[2229/3297] sz002439     OK
[2230/3297] sz002440     OK
[2231/3297] sz002441     OK
[2232/3297] sz002444     OK
[2233/3297] sz002445     OK
[2234/3297] sz002446     OK
[2235/3297] sz002448     OK
[2236/3297] sz002452     OK
[2237/3297] sz002454     OK
[2238/3297] sz002455     OK
[2239/3297] sz002456     OK
[2240/3297] sz002458     OK
[2241/3297] sz002459     OK
[2242/3297] sz002460     OK
[2243/3297] sz002461     OK
[2244/3297] sz002463     OK
[2245/3297] sz002465     OK
[2246/3297] sz002466     OK
[2247/3297] sz002467     OK
[2248/3297] sz002468     OK
[2249/3297] sz002469     OK
[2250/3297] sz002470     OK
--- batch pause 5000ms ---
[2251/3297] sz002471     OK
[2252/3297] sz002472     OK
[2253/3297] sz002475     OK
[2254/3297] sz002478     OK
[2255/3297] sz002479     OK
[2256/3297] sz002481     OK
[2257/3297] sz002482     OK
[2258/3297] sz002483     OK
[2259/3297] sz002484     OK
[2260/3297] sz002487     OK
[2261/3297] sz002488     OK
[2262/3297] sz002489     OK
[2263/3297] sz002490     OK
[2264/3297] sz002491     OK
[2265/3297] sz002493     OK
[2266/3297] sz002497     OK
[2267/3297] sz002498     OK
[2268/3297] sz002500     OK
[2269/3297] sz002501     OK
[2270/3297] sz002506     OK
[2271/3297] sz002507     OK
[2272/3297] sz002508     OK
[2273/3297] sz002510     OK
[2274/3297] sz002511     OK
[2275/3297] sz002515     OK
[2276/3297] sz002516     OK
[2277/3297] sz002517     OK
[2278/3297] sz002518     OK
[2279/3297] sz002519     OK
[2280/3297] sz002522     OK
[2281/3297] sz002523     OK
[2282/3297] sz002526     OK
[2283/3297] sz002527     OK
[2284/3297] sz002530     OK
[2285/3297] sz002531     OK
[2286/3297] sz002532     OK
[2287/3297] sz002533     OK
[2288/3297] sz002534     OK
[2289/3297] sz002536     OK
[2290/3297] sz002537     OK
[2291/3297] sz002539     OK
[2292/3297] sz002540     OK
[2293/3297] sz002541     OK
[2294/3297] sz002542     OK
[2295/3297] sz002543     OK
[2296/3297] sz002544     OK
[2297/3297] sz002545     OK
[2298/3297] sz002546     OK
[2299/3297] sz002549     OK
[2300/3297] sz002550     OK
--- batch pause 5000ms ---
[2301/3297] sz002552     OK
[2302/3297] sz002553     OK
[2303/3297] sz002555     OK
[2304/3297] sz002556     OK
[2305/3297] sz002557     OK
[2306/3297] sz002558     OK
[2307/3297] sz002559     OK
[2308/3297] sz002560     OK
[2309/3297] sz002562     OK
[2310/3297] sz002563     OK
[2311/3297] sz002564     OK
[2312/3297] sz002565     OK
[2313/3297] sz002567     OK
[2314/3297] sz002568     OK
[2315/3297] sz002570     OK
[2316/3297] sz002572     OK
[2317/3297] sz002573     OK
[2318/3297] sz002579     OK
[2319/3297] sz002580     OK
[2320/3297] sz002582     OK
[2321/3297] sz002583     OK
[2322/3297] sz002585     OK
[2323/3297] sz002588     OK
[2324/3297] sz002590     OK
[2325/3297] sz002595     OK
[2326/3297] sz002597     OK
[2327/3297] sz002600     OK
[2328/3297] sz002601     OK
[2329/3297] sz002602     OK
[2330/3297] sz002603     OK
[2331/3297] sz002605     OK
[2332/3297] sz002607     OK
[2333/3297] sz002608     OK
[2334/3297] sz002609     OK
[2335/3297] sz002611     OK
[2336/3297] sz002612     OK
[2337/3297] sz002616     OK
[2338/3297] sz002617     OK
[2339/3297] sz002624     OK
[2340/3297] sz002625     OK
[2341/3297] sz002626     OK
[2342/3297] sz002627     OK
[2343/3297] sz002631     OK
[2344/3297] sz002632     OK
[2345/3297] sz002635     OK
[2346/3297] sz002636     OK
[2347/3297] sz002637     OK
[2348/3297] sz002638     OK
[2349/3297] sz002639     OK
[2350/3297] sz002640     OK
--- batch pause 5000ms ---
[2351/3297] sz002641     OK
[2352/3297] sz002642     OK
[2353/3297] sz002643     OK
[2354/3297] sz002645     OK
[2355/3297] sz002648     OK
[2356/3297] sz002649     OK
[2357/3297] sz002651     OK
[2358/3297] sz002653     OK
[2359/3297] sz002654     OK
[2360/3297] sz002655     OK
[2361/3297] sz002657     OK
[2362/3297] sz002658     OK
[2363/3297] sz002662     OK
[2364/3297] sz002664     OK
[2365/3297] sz002667     OK
[2366/3297] sz002668     OK
[2367/3297] sz002670     OK
[2368/3297] sz002673     OK
[2369/3297] sz002675     OK
[2370/3297] sz002676     OK
[2371/3297] sz002677     OK
[2372/3297] sz002678     OK
[2373/3297] sz002681     OK
[2374/3297] sz002683     OK
[2375/3297] sz002685     OK
[2376/3297] sz002690     OK
[2377/3297] sz002695     OK
[2378/3297] sz002697     OK
[2379/3297] sz002698     OK
[2380/3297] sz002701     OK
[2381/3297] sz002703     OK
[2382/3297] sz002705     OK
[2383/3297] sz002706     OK
[2384/3297] sz002707     OK
[2385/3297] sz002708     OK
[2386/3297] sz002709     OK
[2387/3297] sz002714     OK
[2388/3297] sz002716     OK
[2389/3297] sz002718     OK
[2390/3297] sz002721     OK
[2391/3297] sz002724     OK
[2392/3297] sz002727     OK
[2393/3297] sz002728     OK
[2394/3297] sz002730     OK
[2395/3297] sz002733     OK
[2396/3297] sz002734     OK
[2397/3297] sz002735     OK
[2398/3297] sz002736     OK
[2399/3297] sz002737     OK
[2400/3297] sz002738     OK
--- batch pause 5000ms ---
[2401/3297] sz002739     OK
[2402/3297] sz002741     OK
[2403/3297] sz002745     OK
[2404/3297] sz002746     OK
[2405/3297] sz002747     OK
[2406/3297] sz002749     OK
[2407/3297] sz002752     OK
[2408/3297] sz002755     OK
[2409/3297] sz002756     OK
[2410/3297] sz002757     OK
[2411/3297] sz002758     OK
[2412/3297] sz002759     OK
[2413/3297] sz002761     OK
[2414/3297] sz002765     OK
[2415/3297] sz002768     OK
[2416/3297] sz002772     OK
[2417/3297] sz002773     OK
[2418/3297] sz002777     OK
[2419/3297] sz002779     OK
[2420/3297] sz002782     OK
[2421/3297] sz002785     OK
[2422/3297] sz002788     OK
[2423/3297] sz002791     OK
[2424/3297] sz002792     OK
[2425/3297] sz002793     OK
[2426/3297] sz002796     OK
[2427/3297] sz002797     OK
[2428/3297] sz002801     OK
[2429/3297] sz002803     OK
[2430/3297] sz002807     OK
[2431/3297] sz002810     OK
[2432/3297] sz002812     OK
[2433/3297] sz002815     OK
[2434/3297] sz002818     OK
[2435/3297] sz002819     OK
[2436/3297] sz002821     OK
[2437/3297] sz002824     OK
[2438/3297] sz002827     OK
[2439/3297] sz002831     OK
[2440/3297] sz002832     OK
[2441/3297] sz002833     OK
[2442/3297] sz002837     OK
[2443/3297] sz002838     OK
[2444/3297] sz002839     OK
[2445/3297] sz002840     OK
[2446/3297] sz002841     OK
[2447/3297] sz002842     OK
[2448/3297] sz002843     OK
[2449/3297] sz002846     OK
[2450/3297] sz002847     OK
--- batch pause 5000ms ---
[2451/3297] sz002850     OK
[2452/3297] sz002851     OK
[2453/3297] sz002859     OK
[2454/3297] sz002865     OK
[2455/3297] sz002866     OK
[2456/3297] sz002867     OK
[2457/3297] sz002880     OK
[2458/3297] sz002881     OK
[2459/3297] sz002882     OK
[2460/3297] sz002884     OK
[2461/3297] sz002885     OK
[2462/3297] sz002886     OK
[2463/3297] sz002891     OK
[2464/3297] sz002892     OK
[2465/3297] sz002895     OK
[2466/3297] sz002896     OK
[2467/3297] sz002897     OK
[2468/3297] sz002901     OK
[2469/3297] sz002902     OK
[2470/3297] sz002906     OK
[2471/3297] sz002907     OK
[2472/3297] sz002911     OK
[2473/3297] sz002913     OK
[2474/3297] sz002915     OK
[2475/3297] sz002916     OK
[2476/3297] sz002919     OK
[2477/3297] sz002920     OK
[2478/3297] sz002922     OK
[2479/3297] sz002923     OK
[2480/3297] sz002925     OK
[2481/3297] sz002926     OK
[2482/3297] sz002928     OK
[2483/3297] sz002929     OK
[2484/3297] sz002930     OK
[2485/3297] sz002931     OK
[2486/3297] sz002935     OK
[2487/3297] sz002936     OK
[2488/3297] sz002937     OK
[2489/3297] sz002938     OK
[2490/3297] sz002939     OK
[2491/3297] sz002940     OK
[2492/3297] sz002941     OK
[2493/3297] sz002943     OK
[2494/3297] sz002945     OK
[2495/3297] sz002946     OK
[2496/3297] sz002947     OK
[2497/3297] sz002948     OK
[2498/3297] sz002950     OK
[2499/3297] sz002951     OK
[2500/3297] sz002953     OK
--- batch pause 5000ms ---
[2501/3297] sz002955     OK
[2502/3297] sz002956     OK
[2503/3297] sz002957     OK
[2504/3297] sz002958     OK
[2505/3297] sz002959     OK
[2506/3297] sz002960     OK
[2507/3297] sz002961     OK
[2508/3297] sz002965     OK
[2509/3297] sz002966     OK
[2510/3297] sz002967     OK
[2511/3297] sz002969     OK
[2512/3297] sz002970     OK
[2513/3297] sz002971     OK
[2514/3297] sz002973     OK
[2515/3297] sz002975     OK
[2516/3297] sz002978     OK
[2517/3297] sz002979     OK
[2518/3297] sz002980     OK
[2519/3297] sz002984     OK
[2520/3297] sz002985     OK
[2521/3297] sz002986     OK
[2522/3297] sz002987     OK
[2523/3297] sz002988     OK
[2524/3297] sz002989     OK
[2525/3297] sz002990     OK
[2526/3297] sz002992     OK
[2527/3297] sz002993     OK
[2528/3297] sz002997     OK
[2529/3297] sz003002     OK
[2530/3297] sz003006     OK
[2531/3297] sz003009     OK
[2532/3297] sz003010     OK
[2533/3297] sz003012     OK
[2534/3297] sz003013     OK
[2535/3297] sz003018     OK
[2536/3297] sz003019     OK
[2537/3297] sz003021     OK
[2538/3297] sz003022     OK
[2539/3297] sz003031     OK
[2540/3297] sz003033     OK
[2541/3297] sz003035     OK
[2542/3297] sz003036     OK
[2543/3297] sz003039     OK
[2544/3297] sz003040     OK
[2545/3297] sz003041     OK
[2546/3297] sz003043     OK
[2547/3297] sz003816     OK
[2548/3297] sz300001     OK
[2549/3297] sz300002     OK
[2550/3297] sz300003     OK
--- batch pause 5000ms ---
[2551/3297] sz300004     OK
[2552/3297] sz300005     OK
[2553/3297] sz300006     OK
[2554/3297] sz300007     OK
[2555/3297] sz300008     OK
[2556/3297] sz300009     OK
[2557/3297] sz300010     OK
[2558/3297] sz300012     OK
[2559/3297] sz300014     OK
[2560/3297] sz300015     OK
[2561/3297] sz300016     OK
[2562/3297] sz300017     OK
[2563/3297] sz300018     OK
[2564/3297] sz300019     OK
[2565/3297] sz300022     OK
[2566/3297] sz300024     OK
[2567/3297] sz300026     OK
[2568/3297] sz300031     OK
[2569/3297] sz300033     OK
[2570/3297] sz300034     OK
[2571/3297] sz300035     OK
[2572/3297] sz300036     OK
[2573/3297] sz300037     OK
[2574/3297] sz300039     OK
[2575/3297] sz300041     OK
[2576/3297] sz300042     OK
[2577/3297] sz300043     OK
[2578/3297] sz300045     OK
[2579/3297] sz300046     OK
[2580/3297] sz300047     OK
[2581/3297] sz300048     OK
[2582/3297] sz300049     OK
[2583/3297] sz300053     OK
[2584/3297] sz300054     OK
[2585/3297] sz300055     OK
[2586/3297] sz300057     OK
[2587/3297] sz300058     OK
[2588/3297] sz300059     OK
[2589/3297] sz300061     OK
[2590/3297] sz300063     OK
[2591/3297] sz300065     OK
[2592/3297] sz300066     OK
[2593/3297] sz300068     OK
[2594/3297] sz300070     OK
[2595/3297] sz300072     OK
[2596/3297] sz300073     OK
[2597/3297] sz300075     OK
[2598/3297] sz300077     OK
[2599/3297] sz300079     OK
[2600/3297] sz300080     OK
--- batch pause 5000ms ---
[2601/3297] sz300082     OK
[2602/3297] sz300083     OK
[2603/3297] sz300084     OK
[2604/3297] sz300085     OK
[2605/3297] sz300087     OK
[2606/3297] sz300088     OK
[2607/3297] sz300098     OK
[2608/3297] sz300099     OK
[2609/3297] sz300100     OK
[2610/3297] sz300101     OK
[2611/3297] sz300102     OK
[2612/3297] sz300109     OK
[2613/3297] sz300111     OK
[2614/3297] sz300113     OK
[2615/3297] sz300115     OK
[2616/3297] sz300118     OK
[2617/3297] sz300119     OK
[2618/3297] sz300121     OK
[2619/3297] sz300122     OK
[2620/3297] sz300123     OK
[2621/3297] sz300124     OK
[2622/3297] sz300127     OK
[2623/3297] sz300128     OK
[2624/3297] sz300129     OK
[2625/3297] sz300130     OK
[2626/3297] sz300131     OK
[2627/3297] sz300133     OK
[2628/3297] sz300134     OK
[2629/3297] sz300136     OK
[2630/3297] sz300137     OK
[2631/3297] sz300138     OK
[2632/3297] sz300139     OK
[2633/3297] sz300140     OK
[2634/3297] sz300142     OK
[2635/3297] sz300143     OK
[2636/3297] sz300144     OK
[2637/3297] sz300145     OK
[2638/3297] sz300146     OK
[2639/3297] sz300149     OK
[2640/3297] sz300151     OK
[2641/3297] sz300153     OK
[2642/3297] sz300158     OK
[2643/3297] sz300161     OK
[2644/3297] sz300164     OK
[2645/3297] sz300166     OK
[2646/3297] sz300168     OK
[2647/3297] sz300170     OK
[2648/3297] sz300171     OK
[2649/3297] sz300174     OK
[2650/3297] sz300177     OK
--- batch pause 5000ms ---
[2651/3297] sz300179     OK
[2652/3297] sz300180     OK
[2653/3297] sz300181     OK
[2654/3297] sz300182     OK
[2655/3297] sz300183     OK
[2656/3297] sz300184     OK
[2657/3297] sz300185     OK
[2658/3297] sz300188     OK
[2659/3297] sz300189     OK
[2660/3297] sz300191     OK
[2661/3297] sz300192     OK
[2662/3297] sz300194     OK
[2663/3297] sz300196     OK
[2664/3297] sz300197     OK
[2665/3297] sz300199     OK
[2666/3297] sz300201     OK
[2667/3297] sz300203     OK
[2668/3297] sz300204     OK
[2669/3297] sz300206     OK
[2670/3297] sz300207     OK
[2671/3297] sz300209     OK
[2672/3297] sz300212     OK
[2673/3297] sz300215     OK
[2674/3297] sz300217     OK
[2675/3297] sz300219     OK
[2676/3297] sz300222     OK
[2677/3297] sz300223     OK
[2678/3297] sz300224     OK
[2679/3297] sz300226     OK
[2680/3297] sz300227     OK
[2681/3297] sz300228     OK
[2682/3297] sz300229     OK
[2683/3297] sz300232     OK
[2684/3297] sz300233     OK
[2685/3297] sz300236     OK
[2686/3297] sz300244     OK
[2687/3297] sz300249     OK
[2688/3297] sz300251     OK
[2689/3297] sz300252     OK
[2690/3297] sz300253     OK
[2691/3297] sz300255     OK
[2692/3297] sz300256     OK
[2693/3297] sz300257     OK
[2694/3297] sz300258     OK
[2695/3297] sz300259     OK
[2696/3297] sz300260     OK
[2697/3297] sz300261     OK
[2698/3297] sz300263     OK
[2699/3297] sz300265     OK
[2700/3297] sz300267     OK
--- batch pause 5000ms ---
[2701/3297] sz300271     OK
[2702/3297] sz300274     OK
[2703/3297] sz300276     OK
[2704/3297] sz300277     OK
[2705/3297] sz300278     OK
[2706/3297] sz300284     OK
[2707/3297] sz300285     OK
[2708/3297] sz300286     OK
[2709/3297] sz300287     OK
[2710/3297] sz300290     OK
[2711/3297] sz300291     OK
[2712/3297] sz300292     OK
[2713/3297] sz300293     OK
[2714/3297] sz300294     OK
[2715/3297] sz300296     OK
[2716/3297] sz300298     OK
[2717/3297] sz300300     OK
[2718/3297] sz300302     OK
[2719/3297] sz300303     OK
[2720/3297] sz300304     OK
[2721/3297] sz300307     OK
[2722/3297] sz300310     OK
[2723/3297] sz300315     OK
[2724/3297] sz300316     OK
[2725/3297] sz300319     OK
[2726/3297] sz300320     OK
[2727/3297] sz300322     OK
[2728/3297] sz300323     OK
[2729/3297] sz300324     OK
[2730/3297] sz300327     OK
[2731/3297] sz300328     OK
[2732/3297] sz300331     OK
[2733/3297] sz300332     OK
[2734/3297] sz300337     OK
[2735/3297] sz300339     OK
[2736/3297] sz300341     OK
[2737/3297] sz300342     OK
[2738/3297] sz300346     OK
[2739/3297] sz300347     OK
[2740/3297] sz300348     OK
[2741/3297] sz300349     OK
[2742/3297] sz300351     OK
[2743/3297] sz300352     OK
[2744/3297] sz300353     OK
[2745/3297] sz300355     OK
[2746/3297] sz300357     OK
[2747/3297] sz300358     OK
[2748/3297] sz300360     OK
[2749/3297] sz300363     OK
[2750/3297] sz300364     OK
--- batch pause 5000ms ---
[2751/3297] sz300368     OK
[2752/3297] sz300369     OK
[2753/3297] sz300373     OK
[2754/3297] sz300376     OK
[2755/3297] sz300377     OK
[2756/3297] sz300378     OK
[2757/3297] sz300382     OK
[2758/3297] sz300383     OK
[2759/3297] sz300385     OK
[2760/3297] sz300386     OK
[2761/3297] sz300388     OK
[2762/3297] sz300389     OK
[2763/3297] sz300390     OK
[2764/3297] sz300393     OK
[2765/3297] sz300394     OK
[2766/3297] sz300395     OK
[2767/3297] sz300397     OK
[2768/3297] sz300398     OK
[2769/3297] sz300400     OK
[2770/3297] sz300401     OK
[2771/3297] sz300403     OK
[2772/3297] sz300406     OK
[2773/3297] sz300408     OK
[2774/3297] sz300409     OK
[2775/3297] sz300413     OK
[2776/3297] sz300415     OK
[2777/3297] sz300416     OK
[2778/3297] sz300418     OK
[2779/3297] sz300421     OK
[2780/3297] sz300427     OK
[2781/3297] sz300428     OK
[2782/3297] sz300429     OK
[2783/3297] sz300432     OK
[2784/3297] sz300433     OK
[2785/3297] sz300435     OK
[2786/3297] sz300436     OK
[2787/3297] sz300438     OK
[2788/3297] sz300440     OK
[2789/3297] sz300442     OK
[2790/3297] sz300443     OK
[2791/3297] sz300444     OK
[2792/3297] sz300446     OK
[2793/3297] sz300447     OK
[2794/3297] sz300450     OK
[2795/3297] sz300451     OK
[2796/3297] sz300453     OK
[2797/3297] sz300454     OK
[2798/3297] sz300455     OK
[2799/3297] sz300456     OK
[2800/3297] sz300457     OK
--- batch pause 5000ms ---
[2801/3297] sz300458     OK
[2802/3297] sz300459     OK
[2803/3297] sz300461     OK
[2804/3297] sz300463     OK
[2805/3297] sz300465     OK
[2806/3297] sz300467     OK
[2807/3297] sz300468     OK
[2808/3297] sz300469     OK
[2809/3297] sz300470     OK
[2810/3297] sz300471     OK
[2811/3297] sz300473     OK
[2812/3297] sz300474     OK
[2813/3297] sz300475     OK
[2814/3297] sz300476     OK
[2815/3297] sz300480     OK
[2816/3297] sz300482     OK
[2817/3297] sz300483     OK
[2818/3297] sz300485     OK
[2819/3297] sz300486     OK
[2820/3297] sz300487     OK
[2821/3297] sz300488     OK
[2822/3297] sz300489     OK
[2823/3297] sz300490     OK
[2824/3297] sz300492     OK
[2825/3297] sz300493     OK
[2826/3297] sz300494     OK
[2827/3297] sz300496     OK
[2828/3297] sz300497     OK
[2829/3297] sz300498     OK
[2830/3297] sz300499     OK
[2831/3297] sz300502     OK
[2832/3297] sz300503     OK
[2833/3297] sz300505     OK
[2834/3297] sz300507     OK
[2835/3297] sz300516     OK
[2836/3297] sz300520     OK
[2837/3297] sz300525     OK
[2838/3297] sz300528     OK
[2839/3297] sz300529     OK
[2840/3297] sz300531     OK
[2841/3297] sz300532     OK
[2842/3297] sz300533     OK
[2843/3297] sz300539     OK
[2844/3297] sz300541     OK
[2845/3297] sz300545     OK
[2846/3297] sz300547     OK
[2847/3297] sz300548     OK
[2848/3297] sz300552     OK
[2849/3297] sz300558     OK
[2850/3297] sz300559     OK
--- batch pause 5000ms ---
[2851/3297] sz300563     OK
[2852/3297] sz300567     OK
[2853/3297] sz300568     OK
[2854/3297] sz300569     OK
[2855/3297] sz300570     OK
[2856/3297] sz300572     OK
[2857/3297] sz300573     OK
[2858/3297] sz300576     OK
[2859/3297] sz300579     OK
[2860/3297] sz300580     OK
[2861/3297] sz300581     OK
[2862/3297] sz300584     OK
[2863/3297] sz300586     OK
[2864/3297] sz300587     OK
[2865/3297] sz300589     OK
[2866/3297] sz300590     OK
[2867/3297] sz300592     OK
[2868/3297] sz300593     OK
[2869/3297] sz300595     OK
[2870/3297] sz300596     OK
[2871/3297] sz300598     OK
[2872/3297] sz300601     OK
[2873/3297] sz300602     OK
[2874/3297] sz300603     OK
[2875/3297] sz300604     OK
[2876/3297] sz300607     OK
[2877/3297] sz300611     OK
[2878/3297] sz300613     OK
[2879/3297] sz300617     OK
[2880/3297] sz300618     OK
[2881/3297] sz300619     OK
[2882/3297] sz300620     OK
[2883/3297] sz300622     OK
[2884/3297] sz300623     OK
[2885/3297] sz300624     OK
[2886/3297] sz300627     OK
[2887/3297] sz300628     OK
[2888/3297] sz300629     OK
[2889/3297] sz300633     OK
[2890/3297] sz300634     OK
[2891/3297] sz300638     OK
[2892/3297] sz300641     OK
[2893/3297] sz300648     OK
[2894/3297] sz300652     OK
[2895/3297] sz300655     OK
[2896/3297] sz300657     OK
[2897/3297] sz300658     OK
[2898/3297] sz300660     OK
[2899/3297] sz300661     OK
[2900/3297] sz300663     OK
--- batch pause 5000ms ---
[2901/3297] sz300666     OK
[2902/3297] sz300668     OK
[2903/3297] sz300669     OK
[2904/3297] sz300671     OK
[2905/3297] sz300672     OK
[2906/3297] sz300674     OK
[2907/3297] sz300676     OK
[2908/3297] sz300677     OK
[2909/3297] sz300678     OK
[2910/3297] sz300679     OK
[2911/3297] sz300680     OK
[2912/3297] sz300681     OK
[2913/3297] sz300682     OK
[2914/3297] sz300683     OK
[2915/3297] sz300684     OK
[2916/3297] sz300685     OK
[2917/3297] sz300687     OK
[2918/3297] sz300689     OK
[2919/3297] sz300693     OK
[2920/3297] sz300695     OK
[2921/3297] sz300696     OK
[2922/3297] sz300697     OK
[2923/3297] sz300699     OK
[2924/3297] sz300700     OK
[2925/3297] sz300702     OK
[2926/3297] sz300705     OK
[2927/3297] sz300708     OK
[2928/3297] sz300709     OK
[2929/3297] sz300711     OK
[2930/3297] sz300712     OK
[2931/3297] sz300715     OK
[2932/3297] sz300718     OK
[2933/3297] sz300720     OK
[2934/3297] sz300722     OK
[2935/3297] sz300723     OK
[2936/3297] sz300724     OK
[2937/3297] sz300725     OK
[2938/3297] sz300726     OK
[2939/3297] sz300727     OK
[2940/3297] sz300731     OK
[2941/3297] sz300733     OK
[2942/3297] sz300735     OK
[2943/3297] sz300737     OK
[2944/3297] sz300738     OK
[2945/3297] sz300739     OK
[2946/3297] sz300740     OK
[2947/3297] sz300741     OK
[2948/3297] sz300747     OK
[2949/3297] sz300748     OK
[2950/3297] sz300749     OK
--- batch pause 5000ms ---
[2951/3297] sz300751     OK
[2952/3297] sz300755     OK
[2953/3297] sz300756     OK
[2954/3297] sz300757     OK
[2955/3297] sz300758     OK
[2956/3297] sz300759     OK
[2957/3297] sz300760     OK
[2958/3297] sz300761     OK
[2959/3297] sz300762     OK
[2960/3297] sz300763     OK
[2961/3297] sz300765     OK
[2962/3297] sz300766     OK
[2963/3297] sz300767     OK
[2964/3297] sz300768     OK
[2965/3297] sz300769     OK
[2966/3297] sz300770     OK
[2967/3297] sz300772     OK
[2968/3297] sz300773     OK
[2969/3297] sz300774     OK
[2970/3297] sz300775     OK
[2971/3297] sz300776     OK
[2972/3297] sz300777     OK
[2973/3297] sz300779     OK
[2974/3297] sz300781     OK
[2975/3297] sz300782     OK
[2976/3297] sz300783     OK
[2977/3297] sz300785     OK
[2978/3297] sz300788     OK
[2979/3297] sz300790     OK
[2980/3297] sz300791     OK
[2981/3297] sz300792     OK
[2982/3297] sz300793     OK
[2983/3297] sz300797     OK
[2984/3297] sz300801     OK
[2985/3297] sz300802     OK
[2986/3297] sz300803     OK
[2987/3297] sz300806     OK
[2988/3297] sz300809     OK
[2989/3297] sz300811     OK
[2990/3297] sz300814     OK
[2991/3297] sz300815     OK
[2992/3297] sz300816     OK
[2993/3297] sz300818     OK
[2994/3297] sz300819     OK
[2995/3297] sz300820     OK
[2996/3297] sz300821     OK
[2997/3297] sz300827     OK
[2998/3297] sz300831     OK
[2999/3297] sz300832     OK
[3000/3297] sz300834     OK
--- batch pause 5000ms ---
[3001/3297] sz300835     OK
[3002/3297] sz300841     OK
[3003/3297] sz300842     OK
[3004/3297] sz300843     OK
[3005/3297] sz300846     OK
[3006/3297] sz300848     OK
[3007/3297] sz300850     OK
[3008/3297] sz300852     OK
[3009/3297] sz300855     OK
[3010/3297] sz300856     OK
[3011/3297] sz300857     OK
[3012/3297] sz300859     OK
[3013/3297] sz300861     OK
[3014/3297] sz300863     OK
[3015/3297] sz300866     OK
[3016/3297] sz300867     OK
[3017/3297] sz300868     OK
[3018/3297] sz300869     OK
[3019/3297] sz300870     OK
[3020/3297] sz300871     OK
[3021/3297] sz300872     OK
[3022/3297] sz300873     OK
[3023/3297] sz300879     OK
[3024/3297] sz300882     OK
[3025/3297] sz300885     OK
[3026/3297] sz300887     OK
[3027/3297] sz300888     OK
[3028/3297] sz300889     OK
[3029/3297] sz300893     OK
[3030/3297] sz300895     OK
[3031/3297] sz300896     OK
[3032/3297] sz300900     OK
[3033/3297] sz300903     OK
[3034/3297] sz300905     OK
[3035/3297] sz300909     OK
[3036/3297] sz300910     OK
[3037/3297] sz300911     OK
[3038/3297] sz300913     OK
[3039/3297] sz300917     OK
[3040/3297] sz300918     OK
[3041/3297] sz300919     OK
[3042/3297] sz300925     OK
[3043/3297] sz300926     OK
[3044/3297] sz300938     OK
[3045/3297] sz300943     OK
[3046/3297] sz300946     OK
[3047/3297] sz300951     OK
[3048/3297] sz300952     OK
[3049/3297] sz300953     OK
[3050/3297] sz300957     OK
--- batch pause 5000ms ---
[3051/3297] sz300959     OK
[3052/3297] sz300963     OK
[3053/3297] sz300964     OK
[3054/3297] sz300969     OK
[3055/3297] sz300972     OK
[3056/3297] sz300973     OK
[3057/3297] sz300975     OK
[3058/3297] sz300976     OK
[3059/3297] sz300979     OK
[3060/3297] sz300980     OK
[3061/3297] sz300981     OK
[3062/3297] sz300984     OK
[3063/3297] sz300986     OK
[3064/3297] sz300990     OK
[3065/3297] sz300991     OK
[3066/3297] sz300997     OK
[3067/3297] sz300999     OK
[3068/3297] sz301000     OK
[3069/3297] sz301004     OK
[3070/3297] sz301005     OK
[3071/3297] sz301007     OK
[3072/3297] sz301008     OK
[3073/3297] sz301012     OK
[3074/3297] sz301015     OK
[3075/3297] sz301017     OK
[3076/3297] sz301018     OK
[3077/3297] sz301021     OK
[3078/3297] sz301028     OK
[3079/3297] sz301029     OK
[3080/3297] sz301031     OK
[3081/3297] sz301035     OK
[3082/3297] sz301039     OK
[3083/3297] sz301042     OK
[3084/3297] sz301047     OK
[3085/3297] sz301048     OK
[3086/3297] sz301050     OK
[3087/3297] sz301058     OK
[3088/3297] sz301061     OK
[3089/3297] sz301069     OK
[3090/3297] sz301070     OK
[3091/3297] sz301071     OK
[3092/3297] sz301073     OK
[3093/3297] sz301076     OK
[3094/3297] sz301078     OK
[3095/3297] sz301080     OK
[3096/3297] sz301086     OK
[3097/3297] sz301087     OK
[3098/3297] sz301090     OK
[3099/3297] sz301091     OK
[3100/3297] sz301093     OK
--- batch pause 5000ms ---
[3101/3297] sz301095     OK
[3102/3297] sz301096     OK
[3103/3297] sz301099     OK
[3104/3297] sz301101     OK
[3105/3297] sz301109     OK
[3106/3297] sz301110     OK
[3107/3297] sz301117     OK
[3108/3297] sz301120     OK
[3109/3297] sz301123     OK
[3110/3297] sz301127     OK
[3111/3297] sz301128     OK
[3112/3297] sz301132     OK
[3113/3297] sz301137     OK
[3114/3297] sz301141     OK
[3115/3297] sz301148     OK
[3116/3297] sz301149     OK
[3117/3297] sz301150     OK
[3118/3297] sz301153     OK
[3119/3297] sz301155     OK
[3120/3297] sz301160     OK
[3121/3297] sz301162     OK
[3122/3297] sz301165     OK
[3123/3297] sz301171     OK
[3124/3297] sz301175     OK
[3125/3297] sz301177     OK
[3126/3297] sz301179     OK
[3127/3297] sz301180     OK
[3128/3297] sz301182     OK
[3129/3297] sz301183     OK
[3130/3297] sz301187     OK
[3131/3297] sz301188     OK
[3132/3297] sz301189     OK
[3133/3297] sz301191     OK
[3134/3297] sz301196     OK
[3135/3297] sz301200     OK
[3136/3297] sz301201     OK
[3137/3297] sz301205     OK
[3138/3297] sz301206     OK
[3139/3297] sz301207     OK
[3140/3297] sz301209     OK
[3141/3297] sz301211     OK
[3142/3297] sz301213     OK
[3143/3297] sz301215     OK
[3144/3297] sz301216     OK
[3145/3297] sz301217     OK
[3146/3297] sz301219     OK
[3147/3297] sz301225     OK
[3148/3297] sz301228     OK
[3149/3297] sz301230     OK
[3150/3297] sz301232     OK
--- batch pause 5000ms ---
[3151/3297] sz301236     OK
[3152/3297] sz301238     OK
[3153/3297] sz301239     OK
[3154/3297] sz301246     OK
[3155/3297] sz301248     OK
[3156/3297] sz301251     OK
[3157/3297] sz301252     OK
[3158/3297] sz301256     OK
[3159/3297] sz301260     OK
[3160/3297] sz301261     OK
[3161/3297] sz301262     OK
[3162/3297] sz301263     OK
[3163/3297] sz301265     OK
[3164/3297] sz301267     OK
[3165/3297] sz301268     OK
[3166/3297] sz301269     OK
[3167/3297] sz301275     OK
[3168/3297] sz301280     OK
[3169/3297] sz301282     OK
[3170/3297] sz301285     OK
[3171/3297] sz301286     OK
[3172/3297] sz301291     OK
[3173/3297] sz301292     OK
[3174/3297] sz301293     OK
[3175/3297] sz301297     OK
[3176/3297] sz301301     OK
[3177/3297] sz301303     OK
[3178/3297] sz301305     OK
[3179/3297] sz301306     OK
[3180/3297] sz301307     OK
[3181/3297] sz301308     OK
[3182/3297] sz301310     OK
[3183/3297] sz301312     OK
[3184/3297] sz301316     OK
[3185/3297] sz301317     OK
[3186/3297] sz301319     OK
[3187/3297] sz301323     OK
[3188/3297] sz301325     OK
[3189/3297] sz301326     OK
[3190/3297] sz301327     OK
[3191/3297] sz301330     OK
[3192/3297] sz301333     OK
[3193/3297] sz301338     OK
[3194/3297] sz301339     OK
[3195/3297] sz301345     OK
[3196/3297] sz301348     OK
[3197/3297] sz301349     OK
[3198/3297] sz301357     OK
[3199/3297] sz301358     OK
[3200/3297] sz301362     OK
--- batch pause 5000ms ---
[3201/3297] sz301363     OK
[3202/3297] sz301365     OK
[3203/3297] sz301366     OK
[3204/3297] sz301367     OK
[3205/3297] sz301368     OK
[3206/3297] sz301369     OK
[3207/3297] sz301371     OK
[3208/3297] sz301373     OK
[3209/3297] sz301376     OK
[3210/3297] sz301377     OK
[3211/3297] sz301381     OK
[3212/3297] sz301382     OK
[3213/3297] sz301387     OK
[3214/3297] sz301389     OK
[3215/3297] sz301391     OK
[3216/3297] sz301392     OK
[3217/3297] sz301393     OK
[3218/3297] sz301396     OK
[3219/3297] sz301398     OK
[3220/3297] sz301408     OK
[3221/3297] sz301413     OK
[3222/3297] sz301421     OK
[3223/3297] sz301439     OK
[3224/3297] sz301458     OK
[3225/3297] sz301468     OK
[3226/3297] sz301479     OK
[3227/3297] sz301486     OK
[3228/3297] sz301487     OK
[3229/3297] sz301488     OK
[3230/3297] sz301489     OK
[3231/3297] sz301491     OK
[3232/3297] sz301498     OK
[3233/3297] sz301500     OK
[3234/3297] sz301501     OK
[3235/3297] sz301507     OK
[3236/3297] sz301508     OK
[3237/3297] sz301509     OK
[3238/3297] sz301510     OK
[3239/3297] sz301511     OK
[3240/3297] sz301516     OK
[3241/3297] sz301517     OK
[3242/3297] sz301518     OK
[3243/3297] sz301522     OK
[3244/3297] sz301525     OK
[3245/3297] sz301526     OK
[3246/3297] sz301529     OK
[3247/3297] sz301535     OK
[3248/3297] sz301536     OK
[3249/3297] sz301538     OK
[3250/3297] sz301548     OK
--- batch pause 5000ms ---
[3251/3297] sz301550     OK
[3252/3297] sz301551     OK
[3253/3297] sz301556     OK
[3254/3297] sz301558     OK
[3255/3297] sz301559     OK
[3256/3297] sz301563     OK
[3257/3297] sz301565     OK
[3258/3297] sz301566     OK
[3259/3297] sz301568     OK
[3260/3297] sz301571     OK
[3261/3297] sz301580     OK
[3262/3297] sz301584     OK
[3263/3297] sz301589     OK
[3264/3297] sz301590     OK
[3265/3297] sz301592     OK
[3266/3297] sz301595     OK
[3267/3297] sz301596     OK
[3268/3297] sz301600     OK
[3269/3297] sz301602     OK
[3270/3297] sz301603     OK
[3271/3297] sz301606     OK
[3272/3297] sz301607     OK
[3273/3297] sz301608     OK
[3274/3297] sz301609     OK
[3275/3297] sz301611     OK
[3276/3297] sz301613     OK
[3277/3297] sz301617     OK
[3278/3297] sz301622     OK
[3279/3297] sz301626     OK
[3280/3297] sz301628     OK
[3281/3297] sz301629     OK
[3282/3297] sz301630     OK
[3283/3297] sz301631     OK
[3284/3297] sz301632     OK
[3285/3297] sz301638     OK
[3286/3297] sz301656     OK
[3287/3297] sz301658     OK
[3288/3297] sz301662     OK
[3289/3297] sz301665     OK
[3290/3297] sz301667     OK
[3291/3297] sz301668     OK
[3292/3297] sz301678     OK
[3293/3297] sz301680     OK
[3294/3297] sz301682     OK
[3295/3297] sz301683     OK
[3296/3297] sz301687     OK
[3297/3297] sz302132     OK

=== 补偿重跑 10 只失败标的 ===
  补偿 sh688503     OK
  补偿 sh688505     OK
  补偿 sh688506     OK
  补偿 sh688507     OK
  补偿 sh688508     OK
  补偿 sh688510     OK
  补偿 sh688512     OK
  补偿 sh688513     OK
  补偿 sh688515     OK
  补偿 sh688516     OK

=== K-line fetch done: 3297 OK, 0 skipped, 0 failed ===

[Step 3] Writing fetch log...
  -> Log written to /Users/lifujian/cursorProjects/a-trend-data/logs/fetch-log.json

[Step 4] Git commit and push...
  $ git -C /Users/lifujian/cursorProjects/a-trend-data add .
