/Users/lifujian/cursorProjects/a-trend-data/scripts/daily_fetch.sh:11: command not found: mvn
/Users/lifujian/cursorProjects/a-trend-data/scripts/daily_fetch.sh:11: command not found: mvn
Failed to fetch K-line for sh688503: java.lang.IllegalStateException: Expected BEGIN_ARRAY but was STRING at line 1 column 1 path $
Failed to fetch K-line for sh688503: java.lang.IllegalStateException: Expected BEGIN_ARRAY but was STRING at line 1 column 1 path $
Failed to fetch K-line for sh688503: java.lang.IllegalStateException: Expected BEGIN_ARRAY but was STRING at line 1 column 1 path $
Failed to fetch K-line for sh688505: java.lang.IllegalStateException: Expected BEGIN_ARRAY but was STRING at line 1 column 1 path $
Failed to fetch K-line for sh688505: java.lang.IllegalStateException: Expected BEGIN_ARRAY but was STRING at line 1 column 1 path $
Failed to fetch K-line for sh688505: java.lang.IllegalStateException: Expected BEGIN_ARRAY but was STRING at line 1 column 1 path $
Failed to fetch K-line for sh688506: java.lang.IllegalStateException: Expected BEGIN_ARRAY but was STRING at line 1 column 1 path $
Failed to fetch K-line for sh688506: java.lang.IllegalStateException: Expected BEGIN_ARRAY but was STRING at line 1 column 1 path $
Failed to fetch K-line for sh688506: java.lang.IllegalStateException: Expected BEGIN_ARRAY but was STRING at line 1 column 1 path $
Failed to fetch K-line for sh688507: java.lang.IllegalStateException: Expected BEGIN_ARRAY but was STRING at line 1 column 1 path $
Failed to fetch K-line for sh688507: java.lang.IllegalStateException: Expected BEGIN_ARRAY but was STRING at line 1 column 1 path $
Failed to fetch K-line for sh688507: java.lang.IllegalStateException: Expected BEGIN_ARRAY but was STRING at line 1 column 1 path $
Failed to fetch K-line for sh688508: java.lang.IllegalStateException: Expected BEGIN_ARRAY but was STRING at line 1 column 1 path $
Failed to fetch K-line for sh688508: java.lang.IllegalStateException: Expected BEGIN_ARRAY but was STRING at line 1 column 1 path $
Failed to fetch K-line for sh688508: java.lang.IllegalStateException: Expected BEGIN_ARRAY but was STRING at line 1 column 1 path $
Failed to fetch K-line for sh688510: java.lang.IllegalStateException: Expected BEGIN_ARRAY but was STRING at line 1 column 1 path $
Failed to fetch K-line for sh688510: java.lang.IllegalStateException: Expected BEGIN_ARRAY but was STRING at line 1 column 1 path $
Failed to fetch K-line for sh688510: java.lang.IllegalStateException: Expected BEGIN_ARRAY but was STRING at line 1 column 1 path $
Failed to fetch K-line for sh688512: java.lang.IllegalStateException: Expected BEGIN_ARRAY but was STRING at line 1 column 1 path $
Failed to fetch K-line for sh688512: java.lang.IllegalStateException: Expected BEGIN_ARRAY but was STRING at line 1 column 1 path $
Failed to fetch K-line for sh688512: java.lang.IllegalStateException: Expected BEGIN_ARRAY but was STRING at line 1 column 1 path $
Failed to fetch K-line for sh688513: java.lang.IllegalStateException: Expected BEGIN_ARRAY but was STRING at line 1 column 1 path $
Failed to fetch K-line for sh688513: java.lang.IllegalStateException: Expected BEGIN_ARRAY but was STRING at line 1 column 1 path $
Failed to fetch K-line for sh688513: java.lang.IllegalStateException: Expected BEGIN_ARRAY but was STRING at line 1 column 1 path $
Failed to fetch K-line for sh688515: java.lang.IllegalStateException: Expected BEGIN_ARRAY but was STRING at line 1 column 1 path $
Failed to fetch K-line for sh688515: java.lang.IllegalStateException: Expected BEGIN_ARRAY but was STRING at line 1 column 1 path $
Failed to fetch K-line for sh688515: java.lang.IllegalStateException: Expected BEGIN_ARRAY but was STRING at line 1 column 1 path $
Failed to fetch K-line for sh688516: java.lang.IllegalStateException: Expected BEGIN_ARRAY but was STRING at line 1 column 1 path $
Failed to fetch K-line for sh688516: java.lang.IllegalStateException: Expected BEGIN_ARRAY but was STRING at line 1 column 1 path $
Failed to fetch K-line for sh688516: java.lang.IllegalStateException: Expected BEGIN_ARRAY but was STRING at line 1 column 1 path $
四月 06, 2026 3:31:25 下午 org.apache.http.impl.execchain.RetryExec execute
信息: I/O exception (java.net.SocketException) caught when processing request to {}->http://vip.stock.finance.sina.com.cn:80: Connection reset
四月 06, 2026 3:31:25 下午 org.apache.http.impl.execchain.RetryExec execute
信息: Retrying request to {}->http://vip.stock.finance.sina.com.cn:80
四月 27, 2026 6:19:56 下午 org.apache.http.impl.execchain.RetryExec execute
信息: I/O exception (java.net.SocketException) caught when processing request to {}->http://money.finance.sina.com.cn:80: Connection reset
四月 27, 2026 6:19:56 下午 org.apache.http.impl.execchain.RetryExec execute
信息: Retrying request to {}->http://money.finance.sina.com.cn:80
